Archive member included because of file (symbol)

/home/mosam/Desktop/dummy_repos/renewed_attempt/Firmware/build_px4fmu-v2_cmu/px4io-v2/NuttX/nuttx-export/libs/libnuttx.a(sched-irq_attach.o)
                              src/modules/px4iofirmware/CMakeFiles/px4io-v2.dir/__/__/drivers/stm32/drv_hrt.c.obj (irq_attach)
/home/mosam/Desktop/dummy_repos/renewed_attempt/Firmware/build_px4fmu-v2_cmu/px4io-v2/NuttX/nuttx-export/libs/libnuttx.a(sched-irq_initialize.o)
                              /home/mosam/Desktop/dummy_repos/renewed_attempt/Firmware/build_px4fmu-v2_cmu/px4io-v2/NuttX/nuttx-export/libs/libnuttx.a(sched-irq_attach.o) (g_irqvector)
/home/mosam/Desktop/dummy_repos/renewed_attempt/Firmware/build_px4fmu-v2_cmu/px4io-v2/NuttX/nuttx-export/libs/libnuttx.a(sched-irq_unexpectedisr.o)
                              /home/mosam/Desktop/dummy_repos/renewed_attempt/Firmware/build_px4fmu-v2_cmu/px4io-v2/NuttX/nuttx-export/libs/libnuttx.a(sched-irq_attach.o) (irq_unexpected_isr)
/home/mosam/Desktop/dummy_repos/renewed_attempt/Firmware/build_px4fmu-v2_cmu/px4io-v2/NuttX/nuttx-export/libs/libnuttx.a(c-lib_abort.o)
                              (abort)
/home/mosam/Desktop/dummy_repos/renewed_attempt/Firmware/build_px4fmu-v2_cmu/px4io-v2/NuttX/nuttx-export/libs/libnuttx.a(c-lib_cfsetspeed.o)
                              src/modules/px4iofirmware/CMakeFiles/px4io-v2.dir/__/__/lib/rc/sbus.c.obj (cfsetspeed)
/home/mosam/Desktop/dummy_repos/renewed_attempt/Firmware/build_px4fmu-v2_cmu/px4io-v2/NuttX/nuttx-export/libs/libnuttx.a(c-lib_crc32.o)
                              src/modules/px4iofirmware/CMakeFiles/px4io-v2.dir/px4io.c.obj (crc32part)
/home/mosam/Desktop/dummy_repos/renewed_attempt/Firmware/build_px4fmu-v2_cmu/px4io-v2/NuttX/nuttx-export/libs/libnuttx.a(c-lib_dprintf.o)
                              src/modules/px4iofirmware/CMakeFiles/px4io-v2.dir/__/systemlib/perf_counter.c.obj (dprintf)
/home/mosam/Desktop/dummy_repos/renewed_attempt/Firmware/build_px4fmu-v2_cmu/px4io-v2/NuttX/nuttx-export/libs/libnuttx.a(c-lib_lowsyslog.o)
                              src/modules/px4iofirmware/CMakeFiles/px4io-v2.dir/px4io.c.obj (lowsyslog)
/home/mosam/Desktop/dummy_repos/renewed_attempt/Firmware/build_px4fmu-v2_cmu/px4io-v2/NuttX/nuttx-export/libs/libnuttx.a(c-lib_memchr.o)
                              src/modules/px4iofirmware/CMakeFiles/px4io-v2.dir/__/systemlib/mixer/mixer.cpp.obj (memchr)
/home/mosam/Desktop/dummy_repos/renewed_attempt/Firmware/build_px4fmu-v2_cmu/px4io-v2/NuttX/nuttx-export/libs/libnuttx.a(c-lib_memcpy.o)
                              src/modules/px4iofirmware/CMakeFiles/px4io-v2.dir/mixer.cpp.obj (memcpy)
/home/mosam/Desktop/dummy_repos/renewed_attempt/Firmware/build_px4fmu-v2_cmu/px4io-v2/NuttX/nuttx-export/libs/libnuttx.a(c-lib_memset.o)
                              src/modules/px4iofirmware/CMakeFiles/px4io-v2.dir/registers.c.obj (memset)
/home/mosam/Desktop/dummy_repos/renewed_attempt/Firmware/build_px4fmu-v2_cmu/px4io-v2/NuttX/nuttx-export/libs/libnuttx.a(c-lib_printf.o)
                              src/modules/px4iofirmware/CMakeFiles/px4io-v2.dir/__/systemlib/perf_counter.c.obj (printf)
/home/mosam/Desktop/dummy_repos/renewed_attempt/Firmware/build_px4fmu-v2_cmu/px4io-v2/NuttX/nuttx-export/libs/libnuttx.a(c-lib_sscanf.o)
                              src/modules/px4iofirmware/CMakeFiles/px4io-v2.dir/__/systemlib/mixer/mixer_multirotor.cpp.obj (sscanf)
/home/mosam/Desktop/dummy_repos/renewed_attempt/Firmware/build_px4fmu-v2_cmu/px4io-v2/NuttX/nuttx-export/libs/libnuttx.a(c-lib_strchr.o)
                              /home/mosam/Desktop/dummy_repos/renewed_attempt/Firmware/build_px4fmu-v2_cmu/px4io-v2/NuttX/nuttx-export/libs/libnuttx.a(c-lib_sscanf.o) (strchr)
/home/mosam/Desktop/dummy_repos/renewed_attempt/Firmware/build_px4fmu-v2_cmu/px4io-v2/NuttX/nuttx-export/libs/libnuttx.a(c-lib_strcmp.o)
                              src/modules/px4iofirmware/CMakeFiles/px4io-v2.dir/__/systemlib/perf_counter.c.obj (strcmp)
/home/mosam/Desktop/dummy_repos/renewed_attempt/Firmware/build_px4fmu-v2_cmu/px4io-v2/NuttX/nuttx-export/libs/libnuttx.a(c-lib_strcspn.o)
                              /home/mosam/Desktop/dummy_repos/renewed_attempt/Firmware/build_px4fmu-v2_cmu/px4io-v2/NuttX/nuttx-export/libs/libnuttx.a(c-lib_sscanf.o) (strcspn)
/home/mosam/Desktop/dummy_repos/renewed_attempt/Firmware/build_px4fmu-v2_cmu/px4io-v2/NuttX/nuttx-export/libs/libnuttx.a(c-lib_strncpy.o)
                              /home/mosam/Desktop/dummy_repos/renewed_attempt/Firmware/build_px4fmu-v2_cmu/px4io-v2/NuttX/nuttx-export/libs/libnuttx.a(c-lib_sscanf.o) (strncpy)
/home/mosam/Desktop/dummy_repos/renewed_attempt/Firmware/build_px4fmu-v2_cmu/px4io-v2/NuttX/nuttx-export/libs/libnuttx.a(c-lib_strtol.o)
                              /home/mosam/Desktop/dummy_repos/renewed_attempt/Firmware/build_px4fmu-v2_cmu/px4io-v2/NuttX/nuttx-export/libs/libnuttx.a(c-lib_sscanf.o) (strtol)
[...]
Memory Configuration

Name             Origin             Length             Attributes
flash            0x08001000         0x0000f000         xr
sram             0x20000000         0x00002000         xrw
*default*        0x00000000         0xffffffff

Linker script and memory map

LOAD src/modules/px4iofirmware/CMakeFiles/px4io-v2.dir/adc.c.obj
LOAD src/modules/px4iofirmware/CMakeFiles/px4io-v2.dir/controls.c.obj
LOAD src/modules/px4iofirmware/CMakeFiles/px4io-v2.dir/px4io.c.obj
LOAD src/modules/px4iofirmware/CMakeFiles/px4io-v2.dir/registers.c.obj
LOAD src/modules/px4iofirmware/CMakeFiles/px4io-v2.dir/safety.c.obj
LOAD src/modules/px4iofirmware/CMakeFiles/px4io-v2.dir/__/systemlib/up_cxxinitialize.c.obj
LOAD src/modules/px4iofirmware/CMakeFiles/px4io-v2.dir/__/systemlib/perf_counter.c.obj
LOAD src/modules/px4iofirmware/CMakeFiles/px4io-v2.dir/mixer.cpp.obj
LOAD src/modules/px4iofirmware/CMakeFiles/px4io-v2.dir/__/systemlib/mixer/mixer.cpp.obj
LOAD src/modules/px4iofirmware/CMakeFiles/px4io-v2.dir/__/systemlib/mixer/mixer_group.cpp.obj
LOAD src/modules/px4iofirmware/CMakeFiles/px4io-v2.dir/__/systemlib/mixer/mixer_multirotor.cpp.obj
LOAD src/modules/px4iofirmware/CMakeFiles/px4io-v2.dir/__/systemlib/mixer/mixer_simple.cpp.obj
LOAD src/modules/px4iofirmware/CMakeFiles/px4io-v2.dir/__/systemlib/pwm_limit/pwm_limit.c.obj
LOAD src/modules/px4iofirmware/CMakeFiles/px4io-v2.dir/__/__/lib/rc/st24.c.obj
LOAD src/modules/px4iofirmware/CMakeFiles/px4io-v2.dir/__/__/lib/rc/sumd.c.obj
LOAD src/modules/px4iofirmware/CMakeFiles/px4io-v2.dir/__/__/lib/rc/sbus.c.obj
LOAD src/modules/px4iofirmware/CMakeFiles/px4io-v2.dir/__/__/lib/rc/dsm.c.obj
LOAD src/modules/px4iofirmware/CMakeFiles/px4io-v2.dir/__/__/drivers/stm32/drv_hrt.c.obj
LOAD src/modules/px4iofirmware/CMakeFiles/px4io-v2.dir/__/__/drivers/stm32/drv_pwm_servo.c.obj
LOAD src/modules/px4iofirmware/CMakeFiles/px4io-v2.dir/__/__/drivers/boards/px4io-v2/px4io_init.c.obj
LOAD src/modules/px4iofirmware/CMakeFiles/px4io-v2.dir/__/__/drivers/boards/px4io-v2/px4io_pwm_servo.c.obj
LOAD src/modules/px4iofirmware/CMakeFiles/px4io-v2.dir/serial.c.obj
LOAD src/modules/px4iofirmware/CMakeFiles/px4io-v2.dir/__/systemlib/hx_stream.c.obj
START GROUP
LOAD /home/mosam/Desktop/dummy_repos/renewed_attempt/Firmware/build_px4fmu-v2_cmu/px4io-v2/NuttX/nuttx-export/libs/libapps.a
LOAD /home/mosam/Desktop/dummy_repos/renewed_attempt/Firmware/build_px4fmu-v2_cmu/px4io-v2/NuttX/nuttx-export/libs/libnuttx.a
LOAD /home/mosam/gcc-arm-none-eabi-4_8-2014q3/bin/../lib/gcc/arm-none-eabi/4.8.4/../../../../arm-none-eabi/lib/armv7-m/libnosys.a
LOAD /home/mosam/gcc-arm-none-eabi-4_8-2014q3/bin/../lib/gcc/arm-none-eabi/4.8.4/../../../../arm-none-eabi/lib/armv7-m/libm.a
LOAD /home/mosam/gcc-arm-none-eabi-4_8-2014q3/bin/../lib/gcc/arm-none-eabi/4.8.4/armv7-m/libgcc.a
END GROUP

.text           0x08001000     0xd0c0
                0x08001000                _stext = ABSOLUTE (.)
 *(.vectors)
 .vectors       0x08001000      0x134 /home/mosam/Desktop/dummy_repos/renewed_attempt/Firmware/build_px4fmu-v2_cmu/px4io-v2/NuttX/nuttx-export/libs/libnuttx.a(arch-up_vectors.o)
                0x08001000                _vectors
 *(.text .text.*)
 .text          0x08001134        0x0 src/modules/px4iofirmware/CMakeFiles/px4io-v2.dir/adc.c.obj
 .text.adc_init
                0x08001134       0xa4 src/modules/px4iofirmware/CMakeFiles/px4io-v2.dir/adc.c.obj
                0x08001134                adc_init
 .text.adc_measure
                0x080011d8       0x80 src/modules/px4iofirmware/CMakeFiles/px4io-v2.dir/adc.c.obj
                0x080011d8                adc_measure
 .text          0x08001258        0x0 src/modules/px4iofirmware/CMakeFiles/px4io-v2.dir/controls.c.obj
 .text.controls_init
                0x08001258       0xb0 src/modules/px4iofirmware/CMakeFiles/px4io-v2.dir/controls.c.obj
                0x08001258                controls_init
 .text.controls_tick
                0x08001308      0x714 src/modules/px4iofirmware/CMakeFiles/px4io-v2.dir/controls.c.obj
                0x08001308                controls_tick
 .text          0x08001a1c        0x0 src/modules/px4iofirmware/CMakeFiles/px4io-v2.dir/px4io.c.obj
 .text.isr_debug
                0x08001a1c       0x60 src/modules/px4iofirmware/CMakeFiles/px4io-v2.dir/px4io.c.obj
                0x08001a1c                isr_debug
 .text.schedule_reboot
                0x08001a7c       0x1c src/modules/px4iofirmware/CMakeFiles/px4io-v2.dir/px4io.c.obj
                0x08001a7c                schedule_reboot
 .text.user_start
                0x08001a98      0x388 src/modules/px4iofirmware/CMakeFiles/px4io-v2.dir/px4io.c.obj
                0x08001a98                user_start
 .text          0x08001e20        0x0 src/modules/px4iofirmware/CMakeFiles/px4io-v2.dir/registers.c.obj
 .text.pwm_configure_rates
                0x08001e20       0x94 src/modules/px4iofirmware/CMakeFiles/px4io-v2.dir/registers.c.obj
 .text.registers_set
                0x08001eb4      0x628 src/modules/px4iofirmware/CMakeFiles/px4io-v2.dir/registers.c.obj
                0x08001eb4                registers_set
 .text.registers_get
                0x080024dc      0x288 src/modules/px4iofirmware/CMakeFiles/px4io-v2.dir/registers.c.obj
                0x080024dc                registers_get
 .text          0x08002764        0x0 src/modules/px4iofirmware/CMakeFiles/px4io-v2.dir/safety.c.obj
 .text.safety_check_button
                0x08002764       0xe8 src/modules/px4iofirmware/CMakeFiles/px4io-v2.dir/safety.c.obj
 .text.failsafe_blink
                0x0800284c       0x44 src/modules/px4iofirmware/CMakeFiles/px4io-v2.dir/safety.c.obj
 .text.safety_init
                0x08002890       0x34 src/modules/px4iofirmware/CMakeFiles/px4io-v2.dir/safety.c.obj
                0x08002890                safety_init
 .text.failsafe_led_init
                0x080028c4       0x34 src/modules/px4iofirmware/CMakeFiles/px4io-v2.dir/safety.c.obj
                0x080028c4                failsafe_led_init
 .text          0x080028f8        0x0 src/modules/px4iofirmware/CMakeFiles/px4io-v2.dir/__/systemlib/up_cxxinitialize.c.obj
 .text.up_cxxinitialize
                0x080028f8       0x38 src/modules/px4iofirmware/CMakeFiles/px4io-v2.dir/__/systemlib/up_cxxinitialize.c.obj
                0x080028f8                up_cxxinitialize
 .text          0x08002930        0x0 src/modules/px4iofirmware/CMakeFiles/px4io-v2.dir/__/systemlib/perf_counter.c.obj
 .text.perf_alloc
                0x08002930       0x50 src/modules/px4iofirmware/CMakeFiles/px4io-v2.dir/__/systemlib/perf_counter.c.obj
                0x08002930                perf_alloc
 .text.perf_alloc_once
                0x08002980       0x3c src/modules/px4iofirmware/CMakeFiles/px4io-v2.dir/__/systemlib/perf_counter.c.obj
                0x08002980                perf_alloc_once
 .text.perf_free
                0x080029bc       0x1c src/modules/px4iofirmware/CMakeFiles/px4io-v2.dir/__/systemlib/perf_counter.c.obj
                0x080029bc                perf_free
 .text.perf_count
                0x080029d8      0x100 src/modules/px4iofirmware/CMakeFiles/px4io-v2.dir/__/systemlib/perf_counter.c.obj
                0x080029d8                perf_count
 .text.perf_begin
                0x08002ad8       0x18 src/modules/px4iofirmware/CMakeFiles/px4io-v2.dir/__/systemlib/perf_counter.c.obj
                0x08002ad8                perf_begin
 .text.perf_end
                0x08002af0       0xec src/modules/px4iofirmware/CMakeFiles/px4io-v2.dir/__/systemlib/perf_counter.c.obj
                0x08002af0                perf_end
 .text.perf_set
                0x08002bdc       0xd4 src/modules/px4iofirmware/CMakeFiles/px4io-v2.dir/__/systemlib/perf_counter.c.obj
                0x08002bdc                perf_set
 .text.perf_cancel
                0x08002cb0       0x14 src/modules/px4iofirmware/CMakeFiles/px4io-v2.dir/__/systemlib/perf_counter.c.obj
                0x08002cb0                perf_cancel
 .text.perf_reset
                0x08002cc4       0x54 src/modules/px4iofirmware/CMakeFiles/px4io-v2.dir/__/systemlib/perf_counter.c.obj
                0x08002cc4                perf_reset
 .text.perf_print_counter_fd
                0x08002d18      0x144 src/modules/px4iofirmware/CMakeFiles/px4io-v2.dir/__/systemlib/perf_counter.c.obj
                0x08002d18                perf_print_counter_fd
 .text.perf_print_counter
                0x08002e5c        0x8 src/modules/px4iofirmware/CMakeFiles/px4io-v2.dir/__/systemlib/perf_counter.c.obj
                0x08002e5c                perf_print_counter
 .text.perf_event_count
                0x08002e64       0x20 src/modules/px4iofirmware/CMakeFiles/px4io-v2.dir/__/systemlib/perf_counter.c.obj
                0x08002e64                perf_event_count
 .text.perf_print_all
                0x08002e84       0x20 src/modules/px4iofirmware/CMakeFiles/px4io-v2.dir/__/systemlib/perf_counter.c.obj
                0x08002e84                perf_print_all
 .text.perf_print_latency
                0x08002ea4       0x68 src/modules/px4iofirmware/CMakeFiles/px4io-v2.dir/__/systemlib/perf_counter.c.obj
                0x08002ea4                perf_print_latency
 .text.perf_reset_all
                0x08002f0c       0x38 src/modules/px4iofirmware/CMakeFiles/px4io-v2.dir/__/systemlib/perf_counter.c.obj
                0x08002f0c                perf_reset_all
 .text          0x08002f44        0x0 src/modules/px4iofirmware/CMakeFiles/px4io-v2.dir/mixer.cpp.obj
 .text._ZL14mixer_callbackjhhRf
                0x08002f44      0x16c src/modules/px4iofirmware/CMakeFiles/px4io-v2.dir/mixer.cpp.obj
 .text.mixer_handle_text
                0x080030b0      0x114 src/modules/px4iofirmware/CMakeFiles/px4io-v2.dir/mixer.cpp.obj
                0x080030b0                mixer_handle_text
 .text.startup._GLOBAL__sub_I_mixer_tick
                0x080031c4       0x2c src/modules/px4iofirmware/CMakeFiles/px4io-v2.dir/mixer.cpp.obj
 .text.mixer_tick
                0x080031f0      0x454 src/modules/px4iofirmware/CMakeFiles/px4io-v2.dir/mixer.cpp.obj
                0x080031f0                mixer_tick
 .text.mixer_set_failsafe
                0x08003644       0x80 src/modules/px4iofirmware/CMakeFiles/px4io-v2.dir/mixer.cpp.obj
                0x08003644                mixer_set_failsafe
 .text          0x080036c4        0x0 src/modules/px4iofirmware/CMakeFiles/px4io-v2.dir/__/systemlib/mixer/mixer.cpp.obj
 .text._ZN5MixerD2Ev
                0x080036c4        0xc src/modules/px4iofirmware/CMakeFiles/px4io-v2.dir/__/systemlib/mixer/mixer.cpp.obj
                0x080036c4                Mixer::~Mixer()
                0x080036c4                Mixer::~Mixer()
 .text._ZN9NullMixerD2Ev
                0x080036d0        0xc src/modules/px4iofirmware/CMakeFiles/px4io-v2.dir/__/systemlib/mixer/mixer.cpp.obj
                0x080036d0                NullMixer::~NullMixer()
                0x080036d0                NullMixer::~NullMixer()
 .text._ZN9NullMixer3mixEPfjPt
                0x080036dc       0x10 src/modules/px4iofirmware/CMakeFiles/px4io-v2.dir/__/systemlib/mixer/mixer.cpp.obj
                0x080036dc                NullMixer::mix(float*, unsigned int, unsigned short*)
 .text._ZN9NullMixer15groups_requiredERj
                0x080036ec        0x4 src/modules/px4iofirmware/CMakeFiles/px4io-v2.dir/__/systemlib/mixer/mixer.cpp.obj
                0x080036ec                NullMixer::groups_required(unsigned int&)
 .text._ZN5MixerD0Ev
                0x080036f0       0x14 src/modules/px4iofirmware/CMakeFiles/px4io-v2.dir/__/systemlib/mixer/mixer.cpp.obj
                0x080036f0                Mixer::~Mixer()
 .text._ZN9NullMixerD0Ev
                0x08003704       0x14 src/modules/px4iofirmware/CMakeFiles/px4io-v2.dir/__/systemlib/mixer/mixer.cpp.obj
                0x08003704                NullMixer::~NullMixer()
 .text._ZN5MixerC2EPFijhhRfEj
                0x08003718       0x18 src/modules/px4iofirmware/CMakeFiles/px4io-v2.dir/__/systemlib/mixer/mixer.cpp.obj
                0x08003718                Mixer::Mixer(int (*)(unsigned int, unsigned char, unsigned char, float&), unsigned int)
                0x08003718                Mixer::Mixer(int (*)(unsigned int, unsigned char, unsigned char, float&), unsigned int)
 .text._ZN5Mixer11get_controlEhh
                0x08003730       0x14 src/modules/px4iofirmware/CMakeFiles/px4io-v2.dir/__/systemlib/mixer/mixer.cpp.obj
                0x08003730                Mixer::get_control(unsigned char, unsigned char)
 .text._ZN5Mixer5scaleERK14mixer_scaler_sf
                0x08003744       0x54 src/modules/px4iofirmware/CMakeFiles/px4io-v2.dir/__/systemlib/mixer/mixer.cpp.obj
                0x08003744                Mixer::scale(mixer_scaler_s const&, float)
 .text._ZN5Mixer11scale_checkER14mixer_scaler_s
                0x08003798       0x5c src/modules/px4iofirmware/CMakeFiles/px4io-v2.dir/__/systemlib/mixer/mixer.cpp.obj
                0x08003798                Mixer::scale_check(mixer_scaler_s&)
 .text._ZN5Mixer7findtagEPKcRjc
                0x080037f4       0x34 src/modules/px4iofirmware/CMakeFiles/px4io-v2.dir/__/systemlib/mixer/mixer.cpp.obj
                0x080037f4                Mixer::findtag(char const*, unsigned int&, char)
 .text._ZN5Mixer8skiplineEPKcRj
                0x08003828       0x30 src/modules/px4iofirmware/CMakeFiles/px4io-v2.dir/__/systemlib/mixer/mixer.cpp.obj
                0x08003828                Mixer::skipline(char const*, unsigned int&)
 .text._ZN9NullMixerC2Ev
                0x08003858       0x14 src/modules/px4iofirmware/CMakeFiles/px4io-v2.dir/__/systemlib/mixer/mixer.cpp.obj
                0x08003858                NullMixer::NullMixer()
                0x08003858                NullMixer::NullMixer()
 .text._ZN9NullMixer9from_textEPKcRj
                0x0800386c       0x5c src/modules/px4iofirmware/CMakeFiles/px4io-v2.dir/__/systemlib/mixer/mixer.cpp.obj
                0x0800386c                NullMixer::from_text(char const*, unsigned int&)
 .text          0x080038c8        0x0 src/modules/px4iofirmware/CMakeFiles/px4io-v2.dir/__/systemlib/mixer/mixer_group.cpp.obj
 .text._ZN10MixerGroupD2Ev
                0x080038c8       0x30 src/modules/px4iofirmware/CMakeFiles/px4io-v2.dir/__/systemlib/mixer/mixer_group.cpp.obj
                0x080038c8                MixerGroup::~MixerGroup()
                0x080038c8                MixerGroup::~MixerGroup()
 .text._ZN10MixerGroup3mixEPfjPt
                0x080038f8       0x40 src/modules/px4iofirmware/CMakeFiles/px4io-v2.dir/__/systemlib/mixer/mixer_group.cpp.obj
                0x080038f8                MixerGroup::mix(float*, unsigned int, unsigned short*)
 .text._ZN10MixerGroup15groups_requiredERj
                0x08003938       0x1c src/modules/px4iofirmware/CMakeFiles/px4io-v2.dir/__/systemlib/mixer/mixer_group.cpp.obj
                0x08003938                MixerGroup::groups_required(unsigned int&)
 .text._ZN10MixerGroupD0Ev
                0x08003954       0x34 src/modules/px4iofirmware/CMakeFiles/px4io-v2.dir/__/systemlib/mixer/mixer_group.cpp.obj
                0x08003954                MixerGroup::~MixerGroup()
 .text._ZN10MixerGroupC2EPFijhhRfEj
                0x08003988       0x18 src/modules/px4iofirmware/CMakeFiles/px4io-v2.dir/__/systemlib/mixer/mixer_group.cpp.obj
                0x08003988                MixerGroup::MixerGroup(int (*)(unsigned int, unsigned char, unsigned char, float&), unsigned int)
                0x08003988                MixerGroup::MixerGroup(int (*)(unsigned int, unsigned char, unsigned char, float&), unsigned int)
 .text._ZN10MixerGroup9add_mixerEP5Mixer
                0x080039a0       0x20 src/modules/px4iofirmware/CMakeFiles/px4io-v2.dir/__/systemlib/mixer/mixer_group.cpp.obj
                0x080039a0                MixerGroup::add_mixer(Mixer*)
 .text._ZN10MixerGroup5resetEv
                0x080039c0       0x1c src/modules/px4iofirmware/CMakeFiles/px4io-v2.dir/__/systemlib/mixer/mixer_group.cpp.obj
                0x080039c0                MixerGroup::reset()
 .text._ZN10MixerGroup5countEv
                0x080039dc       0x14 src/modules/px4iofirmware/CMakeFiles/px4io-v2.dir/__/systemlib/mixer/mixer_group.cpp.obj
                0x080039dc                MixerGroup::count()
 .text._ZN10MixerGroup13load_from_bufEPKcRj
                0x080039f0       0x8c src/modules/px4iofirmware/CMakeFiles/px4io-v2.dir/__/systemlib/mixer/mixer_group.cpp.obj
                0x080039f0                MixerGroup::load_from_buf(char const*, unsigned int&)
 .text          0x08003a7c        0x0 src/modules/px4iofirmware/CMakeFiles/px4io-v2.dir/__/systemlib/mixer/mixer_multirotor.cpp.obj
 .text._ZN15MultirotorMixerD2Ev
                0x08003a7c        0xc src/modules/px4iofirmware/CMakeFiles/px4io-v2.dir/__/systemlib/mixer/mixer_multirotor.cpp.obj
                0x08003a7c                MultirotorMixer::~MultirotorMixer()
                0x08003a7c                MultirotorMixer::~MultirotorMixer()
 .text._ZN15MultirotorMixer15groups_requiredERj
                0x08003a88        0xc src/modules/px4iofirmware/CMakeFiles/px4io-v2.dir/__/systemlib/mixer/mixer_multirotor.cpp.obj
                0x08003a88                MultirotorMixer::groups_required(unsigned int&)
 .text._ZN15MultirotorMixerD0Ev
                0x08003a94       0x14 src/modules/px4iofirmware/CMakeFiles/px4io-v2.dir/__/systemlib/mixer/mixer_multirotor.cpp.obj
                0x08003a94                MultirotorMixer::~MultirotorMixer()
 .text._ZN15MultirotorMixer3mixEPfjPt
                0x08003aa8      0x730 src/modules/px4iofirmware/CMakeFiles/px4io-v2.dir/__/systemlib/mixer/mixer_multirotor.cpp.obj
                0x08003aa8                MultirotorMixer::mix(float*, unsigned int, unsigned short*)
 .text._ZN15MultirotorMixerC2EPFijhhRfEj18MultirotorGeometryffffffffffff
                0x080041d8       0xb0 src/modules/px4iofirmware/CMakeFiles/px4io-v2.dir/__/systemlib/mixer/mixer_multirotor.cpp.obj
                0x080041d8                MultirotorMixer::MultirotorMixer(int (*)(unsigned int, unsigned char, unsigned char, float&), unsigned int, MultirotorGeometry, float, float, float, float, float, float, float, float, float, float, float, float)
                0x080041d8                MultirotorMixer::MultirotorMixer(int (*)(unsigned int, unsigned char, unsigned char, float&), unsigned int, MultirotorGeometry, float, float, float, float, float, float, float, float, float, float, float, float)
 .text._ZN15MultirotorMixer9from_textEPFijhhRfEjPKcRj
                0x08004288      0x2c4 src/modules/px4iofirmware/CMakeFiles/px4io-v2.dir/__/systemlib/mixer/mixer_multirotor.cpp.obj
                0x08004288                MultirotorMixer::from_text(int (*)(unsigned int, unsigned char, unsigned char, float&), unsigned int, char const*, unsigned int&)
 .text          0x0800454c        0x0 src/modules/px4iofirmware/CMakeFiles/px4io-v2.dir/__/systemlib/mixer/mixer_simple.cpp.obj
 .text._ZN11SimpleMixer15groups_requiredERj
                0x0800454c       0x2c src/modules/px4iofirmware/CMakeFiles/px4io-v2.dir/__/systemlib/mixer/mixer_simple.cpp.obj
                0x0800454c                SimpleMixer::groups_required(unsigned int&)
 .text._ZN11SimpleMixerD2Ev
                0x08004578       0x20 src/modules/px4iofirmware/CMakeFiles/px4io-v2.dir/__/systemlib/mixer/mixer_simple.cpp.obj
                0x08004578                SimpleMixer::~SimpleMixer()
                0x08004578                SimpleMixer::~SimpleMixer()
 .text._ZN11SimpleMixerD0Ev
                0x08004598       0x28 src/modules/px4iofirmware/CMakeFiles/px4io-v2.dir/__/systemlib/mixer/mixer_simple.cpp.obj
                0x08004598                SimpleMixer::~SimpleMixer()
 .text._ZN11SimpleMixer3mixEPfjPt
                0x080045c0       0x74 src/modules/px4iofirmware/CMakeFiles/px4io-v2.dir/__/systemlib/mixer/mixer_simple.cpp.obj
                0x080045c0                SimpleMixer::mix(float*, unsigned int, unsigned short*)
 .text._ZN11SimpleMixerC2EPFijhhRfEjP14mixer_simple_s
                0x08004634       0x18 src/modules/px4iofirmware/CMakeFiles/px4io-v2.dir/__/systemlib/mixer/mixer_simple.cpp.obj
                0x08004634                SimpleMixer::SimpleMixer(int (*)(unsigned int, unsigned char, unsigned char, float&), unsigned int, mixer_simple_s*)
                0x08004634                SimpleMixer::SimpleMixer(int (*)(unsigned int, unsigned char, unsigned char, float&), unsigned int, mixer_simple_s*)
 .text._ZN11SimpleMixer19parse_output_scalerEPKcRjR14mixer_scaler_s
                0x0800464c       0xa8 src/modules/px4iofirmware/CMakeFiles/px4io-v2.dir/__/systemlib/mixer/mixer_simple.cpp.obj
                0x0800464c                SimpleMixer::parse_output_scaler(char const*, unsigned int&, mixer_scaler_s&)
 .text._ZN11SimpleMixer20parse_control_scalerEPKcRjR14mixer_scaler_sRhS5_
                0x080046f4       0xc0 src/modules/px4iofirmware/CMakeFiles/px4io-v2.dir/__/systemlib/mixer/mixer_simple.cpp.obj
                0x080046f4                SimpleMixer::parse_control_scaler(char const*, unsigned int&, mixer_scaler_s&, unsigned char&, unsigned char&)
 .text._ZN11SimpleMixer9from_textEPFijhhRfEjPKcRj
                0x080047b4       0xc0 src/modules/px4iofirmware/CMakeFiles/px4io-v2.dir/__/systemlib/mixer/mixer_simple.cpp.obj
                0x080047b4                SimpleMixer::from_text(int (*)(unsigned int, unsigned char, unsigned char, float&), unsigned int, char const*, unsigned int&)
 .text._ZN11SimpleMixer9pwm_inputEPFijhhRfEjjttt
                0x08004874       0xa0 src/modules/px4iofirmware/CMakeFiles/px4io-v2.dir/__/systemlib/mixer/mixer_simple.cpp.obj
                0x08004874                SimpleMixer::pwm_input(int (*)(unsigned int, unsigned char, unsigned char, float&), unsigned int, unsigned int, unsigned short, unsigned short, unsigned short)
 .text._ZN11SimpleMixer5checkEv
                0x08004914       0x78 src/modules/px4iofirmware/CMakeFiles/px4io-v2.dir/__/systemlib/mixer/mixer_simple.cpp.obj
                0x08004914                SimpleMixer::check()
 .text          0x0800498c        0x0 src/modules/px4iofirmware/CMakeFiles/px4io-v2.dir/__/systemlib/pwm_limit/pwm_limit.c.obj
 .text.pwm_limit_init
                0x0800498c       0x10 src/modules/px4iofirmware/CMakeFiles/px4io-v2.dir/__/systemlib/pwm_limit/pwm_limit.c.obj
                0x0800498c                pwm_limit_init
 *fill*         0x0800499c        0x4 
 .text.pwm_limit_calc
                0x080049a0      0x2c0 src/modules/px4iofirmware/CMakeFiles/px4io-v2.dir/__/systemlib/pwm_limit/pwm_limit.c.obj
                0x080049a0                pwm_limit_calc
 .text          0x08004c60        0x0 src/modules/px4iofirmware/CMakeFiles/px4io-v2.dir/__/__/lib/rc/st24.c.obj
 .text.st24_common_crc8
                0x08004c60       0x44 src/modules/px4iofirmware/CMakeFiles/px4io-v2.dir/__/__/lib/rc/st24.c.obj
                0x08004c60                st24_common_crc8
 .text.st24_decode
                0x08004ca4      0x224 src/modules/px4iofirmware/CMakeFiles/px4io-v2.dir/__/__/lib/rc/st24.c.obj
                0x08004ca4                st24_decode
 .text          0x08004ec8        0x0 src/modules/px4iofirmware/CMakeFiles/px4io-v2.dir/__/__/lib/rc/sumd.c.obj
 .text.sumd_crc16
                0x08004ec8       0x20 src/modules/px4iofirmware/CMakeFiles/px4io-v2.dir/__/__/lib/rc/sumd.c.obj
                0x08004ec8                sumd_crc16
 .text.sumd_crc8
                0x08004ee8        0x8 src/modules/px4iofirmware/CMakeFiles/px4io-v2.dir/__/__/lib/rc/sumd.c.obj
                0x08004ee8                sumd_crc8
 .text.sumd_decode
                0x08004ef0      0x4c4 src/modules/px4iofirmware/CMakeFiles/px4io-v2.dir/__/__/lib/rc/sumd.c.obj
                0x08004ef0                sumd_decode
 .text          0x080053b4        0x0 src/modules/px4iofirmware/CMakeFiles/px4io-v2.dir/__/__/lib/rc/sbus.c.obj
 .text.sbus_dropped_frames
                0x080053b4        0xc src/modules/px4iofirmware/CMakeFiles/px4io-v2.dir/__/__/lib/rc/sbus.c.obj
                0x080053b4                sbus_dropped_frames
 .text.sbus_config
                0x080053c0       0x7c src/modules/px4iofirmware/CMakeFiles/px4io-v2.dir/__/__/lib/rc/sbus.c.obj
                0x080053c0                sbus_config
 .text.sbus_init
                0x0800543c       0x20 src/modules/px4iofirmware/CMakeFiles/px4io-v2.dir/__/__/lib/rc/sbus.c.obj
                0x0800543c                sbus_init
 .text.sbus1_output
                0x0800545c      0x14c src/modules/px4iofirmware/CMakeFiles/px4io-v2.dir/__/__/lib/rc/sbus.c.obj
                0x0800545c                sbus1_output
 .text.sbus2_output
                0x080055a8        0x4 src/modules/px4iofirmware/CMakeFiles/px4io-v2.dir/__/__/lib/rc/sbus.c.obj
                0x080055a8                sbus2_output
 .text.sbus_parse
                0x080055ac      0x2d0 src/modules/px4iofirmware/CMakeFiles/px4io-v2.dir/__/__/lib/rc/sbus.c.obj
                0x080055ac                sbus_parse
 .text.sbus_input
                0x0800587c       0x60 src/modules/px4iofirmware/CMakeFiles/px4io-v2.dir/__/__/lib/rc/sbus.c.obj
                0x0800587c                sbus_input
 .text          0x080058dc        0x0 src/modules/px4iofirmware/CMakeFiles/px4io-v2.dir/__/__/lib/rc/dsm.c.obj
 .text.dsm_guess_format.part.0
                0x080058dc       0x98 src/modules/px4iofirmware/CMakeFiles/px4io-v2.dir/__/__/lib/rc/dsm.c.obj
 .text.dsm_config
                0x08005974       0x80 src/modules/px4iofirmware/CMakeFiles/px4io-v2.dir/__/__/lib/rc/dsm.c.obj
                0x08005974                dsm_config
 .text.dsm_init
                0x080059f4       0x4c src/modules/px4iofirmware/CMakeFiles/px4io-v2.dir/__/__/lib/rc/dsm.c.obj
                0x080059f4                dsm_init
 .text.dsm_bind
                0x08005a40       0xa8 src/modules/px4iofirmware/CMakeFiles/px4io-v2.dir/__/__/lib/rc/dsm.c.obj
                0x08005a40                dsm_bind
 .text.dsm_parse
                0x08005ae8      0x2c0 src/modules/px4iofirmware/CMakeFiles/px4io-v2.dir/__/__/lib/rc/dsm.c.obj
                0x08005ae8                dsm_parse
 .text.dsm_input
                0x08005da8       0x6c src/modules/px4iofirmware/CMakeFiles/px4io-v2.dir/__/__/lib/rc/dsm.c.obj
                0x08005da8                dsm_input
 .text          0x08005e14        0x0 src/modules/px4iofirmware/CMakeFiles/px4io-v2.dir/__/__/drivers/stm32/drv_hrt.c.obj
 .text.hrt_absolute_time
                0x08005e14       0x50 src/modules/px4iofirmware/CMakeFiles/px4io-v2.dir/__/__/drivers/stm32/drv_hrt.c.obj
                0x08005e14                hrt_absolute_time
 .text.hrt_call_reschedule
                0x08005e64       0x58 src/modules/px4iofirmware/CMakeFiles/px4io-v2.dir/__/__/drivers/stm32/drv_hrt.c.obj
 .text.hrt_call_enter
                0x08005ebc       0x50 src/modules/px4iofirmware/CMakeFiles/px4io-v2.dir/__/__/drivers/stm32/drv_hrt.c.obj
 .text.hrt_call_internal
                0x08005f0c       0x4c src/modules/px4iofirmware/CMakeFiles/px4io-v2.dir/__/__/drivers/stm32/drv_hrt.c.obj
 .text.hrt_tim_isr
                0x08005f58      0x210 src/modules/px4iofirmware/CMakeFiles/px4io-v2.dir/__/__/drivers/stm32/drv_hrt.c.obj
 .text.ts_to_abstime
                0x08006168       0x28 src/modules/px4iofirmware/CMakeFiles/px4io-v2.dir/__/__/drivers/stm32/drv_hrt.c.obj
                0x08006168                ts_to_abstime
 .text.abstime_to_ts
                0x08006190       0x34 src/modules/px4iofirmware/CMakeFiles/px4io-v2.dir/__/__/drivers/stm32/drv_hrt.c.obj
                0x08006190                abstime_to_ts
 .text.hrt_elapsed_time
                0x080061c4       0x24 src/modules/px4iofirmware/CMakeFiles/px4io-v2.dir/__/__/drivers/stm32/drv_hrt.c.obj
                0x080061c4                hrt_elapsed_time
 .text.hrt_store_absolute_time
                0x080061e8       0x18 src/modules/px4iofirmware/CMakeFiles/px4io-v2.dir/__/__/drivers/stm32/drv_hrt.c.obj
                0x080061e8                hrt_store_absolute_time
 .text.hrt_init
                0x08006200       0xcc src/modules/px4iofirmware/CMakeFiles/px4io-v2.dir/__/__/drivers/stm32/drv_hrt.c.obj
                0x08006200                hrt_init
 .text.hrt_call_after
                0x080062cc       0x38 src/modules/px4iofirmware/CMakeFiles/px4io-v2.dir/__/__/drivers/stm32/drv_hrt.c.obj
                0x080062cc                hrt_call_after
 .text.hrt_call_at
                0x08006304       0x1c src/modules/px4iofirmware/CMakeFiles/px4io-v2.dir/__/__/drivers/stm32/drv_hrt.c.obj
                0x08006304                hrt_call_at
 .text.hrt_call_every
                0x08006320       0x38 src/modules/px4iofirmware/CMakeFiles/px4io-v2.dir/__/__/drivers/stm32/drv_hrt.c.obj
                0x08006320                hrt_call_every
 .text.hrt_called
                0x08006358       0x10 src/modules/px4iofirmware/CMakeFiles/px4io-v2.dir/__/__/drivers/stm32/drv_hrt.c.obj
                0x08006358                hrt_called
 .text.hrt_cancel
                0x08006368       0x2c src/modules/px4iofirmware/CMakeFiles/px4io-v2.dir/__/__/drivers/stm32/drv_hrt.c.obj
                0x08006368                hrt_cancel
 .text.hrt_call_init
                0x08006394        0x8 src/modules/px4iofirmware/CMakeFiles/px4io-v2.dir/__/__/drivers/stm32/drv_hrt.c.obj
                0x08006394                hrt_call_init
 .text.hrt_call_delay
                0x0800639c       0x18 src/modules/px4iofirmware/CMakeFiles/px4io-v2.dir/__/__/drivers/stm32/drv_hrt.c.obj
                0x0800639c                hrt_call_delay
 .text          0x080063b4        0x0 src/modules/px4iofirmware/CMakeFiles/px4io-v2.dir/__/__/drivers/stm32/drv_pwm_servo.c.obj
 .text.up_pwm_servo_set
                0x080063b4       0x64 src/modules/px4iofirmware/CMakeFiles/px4io-v2.dir/__/__/drivers/stm32/drv_pwm_servo.c.obj
                0x080063b4                up_pwm_servo_set
 .text.up_pwm_servo_get
                0x08006418       0x5c src/modules/px4iofirmware/CMakeFiles/px4io-v2.dir/__/__/drivers/stm32/drv_pwm_servo.c.obj
                0x08006418                up_pwm_servo_get
 .text.up_pwm_servo_init
                0x08006474      0x14c src/modules/px4iofirmware/CMakeFiles/px4io-v2.dir/__/__/drivers/stm32/drv_pwm_servo.c.obj
                0x08006474                up_pwm_servo_init
 .text.up_pwm_servo_set_rate_group_update
                0x080065c0       0x3c src/modules/px4iofirmware/CMakeFiles/px4io-v2.dir/__/__/drivers/stm32/drv_pwm_servo.c.obj
                0x080065c0                up_pwm_servo_set_rate_group_update
 .text.up_pwm_servo_set_rate
                0x080065fc       0x38 src/modules/px4iofirmware/CMakeFiles/px4io-v2.dir/__/__/drivers/stm32/drv_pwm_servo.c.obj
                0x080065fc                up_pwm_servo_set_rate
 .text.up_pwm_servo_get_rate_group
                0x08006634       0x34 src/modules/px4iofirmware/CMakeFiles/px4io-v2.dir/__/__/drivers/stm32/drv_pwm_servo.c.obj
                0x08006634                up_pwm_servo_get_rate_group
 .text.up_pwm_servo_arm
                0x08006668       0x2c src/modules/px4iofirmware/CMakeFiles/px4io-v2.dir/__/__/drivers/stm32/drv_pwm_servo.c.obj
                0x08006668                up_pwm_servo_arm
 .text.up_pwm_servo_deinit
                0x08006694        0x8 src/modules/px4iofirmware/CMakeFiles/px4io-v2.dir/__/__/drivers/stm32/drv_pwm_servo.c.obj
                0x08006694                up_pwm_servo_deinit
 .text          0x0800669c        0x0 src/modules/px4iofirmware/CMakeFiles/px4io-v2.dir/__/__/drivers/boards/px4io-v2/px4io_init.c.obj
 .text.stm32_boardinitialize
                0x0800669c      0x110 src/modules/px4iofirmware/CMakeFiles/px4io-v2.dir/__/__/drivers/boards/px4io-v2/px4io_init.c.obj
                0x0800669c                stm32_boardinitialize
 .text          0x080067ac        0x0 src/modules/px4iofirmware/CMakeFiles/px4io-v2.dir/__/__/drivers/boards/px4io-v2/px4io_pwm_servo.c.obj
 .text          0x080067ac        0x0 src/modules/px4iofirmware/CMakeFiles/px4io-v2.dir/serial.c.obj
 .text.dma_reset
                0x080067ac       0x70 src/modules/px4iofirmware/CMakeFiles/px4io-v2.dir/serial.c.obj
 .text.rx_dma_callback
                0x0800681c      0x15c src/modules/px4iofirmware/CMakeFiles/px4io-v2.dir/serial.c.obj
 .text.serial_interrupt
                0x08006978       0xe4 src/modules/px4iofirmware/CMakeFiles/px4io-v2.dir/serial.c.obj
 .text.interface_init
                0x08006a5c      0x13c src/modules/px4iofirmware/CMakeFiles/px4io-v2.dir/serial.c.obj
                0x08006a5c                interface_init
 .text          0x08006b98        0x0 src/modules/px4iofirmware/CMakeFiles/px4io-v2.dir/__/systemlib/hx_stream.c.obj
 .text.hx_stream_init
                0x08006b98       0x24 src/modules/px4iofirmware/CMakeFiles/px4io-v2.dir/__/systemlib/hx_stream.c.obj
                0x08006b98                hx_stream_init
 .text.hx_stream_free
                0x08006bbc       0x20 src/modules/px4iofirmware/CMakeFiles/px4io-v2.dir/__/systemlib/hx_stream.c.obj
                0x08006bbc                hx_stream_free
 .text.hx_stream_set_counters
                0x08006bdc        0x8 src/modules/px4iofirmware/CMakeFiles/px4io-v2.dir/__/systemlib/hx_stream.c.obj
                0x08006bdc                hx_stream_set_counters
 .text.hx_stream_reset
                0x08006be4       0x14 src/modules/px4iofirmware/CMakeFiles/px4io-v2.dir/__/systemlib/hx_stream.c.obj
                0x08006be4                hx_stream_reset
 .text.hx_stream_start
                0x08006bf8       0x28 src/modules/px4iofirmware/CMakeFiles/px4io-v2.dir/__/systemlib/hx_stream.c.obj
                0x08006bf8                hx_stream_start
 .text.hx_stream_send_next
                0x08006c20       0x8c src/modules/px4iofirmware/CMakeFiles/px4io-v2.dir/__/systemlib/hx_stream.c.obj
                0x08006c20                hx_stream_send_next
 .text.hx_stream_send
                0x08006cac       0x6c src/modules/px4iofirmware/CMakeFiles/px4io-v2.dir/__/systemlib/hx_stream.c.obj
                0x08006cac                hx_stream_send
 .text.hx_stream_rx
                0x08006d18       0x8c src/modules/px4iofirmware/CMakeFiles/px4io-v2.dir/__/systemlib/hx_stream.c.obj
                0x08006d18                hx_stream_rx
 .text          0x08006da4        0x0 /home/mosam/Desktop/dummy_repos/renewed_attempt/Firmware/build_px4fmu-v2_cmu/px4io-v2/NuttX/nuttx-export/libs/libnuttx.a(sched-irq_attach.o)
 .text.irq_attach
                0x08006da4       0x38 /home/mosam/Desktop/dummy_repos/renewed_attempt/Firmware/build_px4fmu-v2_cmu/px4io-v2/NuttX/nuttx-export/libs/libnuttx.a(sched-irq_attach.o)
                0x08006da4                irq_attach
 .text          0x08006ddc        0x0 /home/mosam/Desktop/dummy_repos/renewed_attempt/Firmware/build_px4fmu-v2_cmu/px4io-v2/NuttX/nuttx-export/libs/libnuttx.a(sched-irq_initialize.o)
 .text.irq_initialize
                0x08006ddc       0x1c /home/mosam/Desktop/dummy_repos/renewed_attempt/Firmware/build_px4fmu-v2_cmu/px4io-v2/NuttX/nuttx-export/libs/libnuttx.a(sched-irq_initialize.o)
                0x08006ddc                irq_initialize
 .text          0x08006df8        0x0 /home/mosam/Desktop/dummy_repos/renewed_attempt/Firmware/build_px4fmu-v2_cmu/px4io-v2/NuttX/nuttx-export/libs/libnuttx.a(sched-irq_unexpectedisr.o)
 .text.irq_unexpected_isr
                0x08006df8       0x14 /home/mosam/Desktop/dummy_repos/renewed_attempt/Firmware/build_px4fmu-v2_cmu/px4io-v2/NuttX/nuttx-export/libs/libnuttx.a(sched-irq_unexpectedisr.o)
                0x08006df8                irq_unexpected_isr
 .text          0x08006e0c        0x0 /home/mosam/Desktop/dummy_repos/renewed_attempt/Firmware/build_px4fmu-v2_cmu/px4io-v2/NuttX/nuttx-export/libs/libnuttx.a(c-lib_abort.o)
 .text.abort    0x08006e0c        0x8 /home/mosam/Desktop/dummy_repos/renewed_attempt/Firmware/build_px4fmu-v2_cmu/px4io-v2/NuttX/nuttx-export/libs/libnuttx.a(c-lib_abort.o)
                0x08006e0c                abort
 .text          0x08006e14        0x0 /home/mosam/Desktop/dummy_repos/renewed_attempt/Firmware/build_px4fmu-v2_cmu/px4io-v2/NuttX/nuttx-export/libs/libnuttx.a(c-lib_cfsetspeed.o)
 .text.cfsetspeed
                0x08006e14        0x6 /home/mosam/Desktop/dummy_repos/renewed_attempt/Firmware/build_px4fmu-v2_cmu/px4io-v2/NuttX/nuttx-export/libs/libnuttx.a(c-lib_cfsetspeed.o)
                0x08006e14                cfsetspeed
 .text          0x08006e1a        0x0 /home/mosam/Desktop/dummy_repos/renewed_attempt/Firmware/build_px4fmu-v2_cmu/px4io-v2/NuttX/nuttx-export/libs/libnuttx.a(c-lib_crc32.o)
 *fill*         0x08006e1a        0x2 
 .text.crc32part
                0x08006e1c       0x24 /home/mosam/Desktop/dummy_repos/renewed_attempt/Firmware/build_px4fmu-v2_cmu/px4io-v2/NuttX/nuttx-export/libs/libnuttx.a(c-lib_crc32.o)
                0x08006e1c                crc32part
 .text.crc32    0x08006e40        0x6 /home/mosam/Desktop/dummy_repos/renewed_attempt/Firmware/build_px4fmu-v2_cmu/px4io-v2/NuttX/nuttx-export/libs/libnuttx.a(c-lib_crc32.o)
                0x08006e40                crc32
 .text          0x08006e46        0x0 /home/mosam/Desktop/dummy_repos/renewed_attempt/Firmware/build_px4fmu-v2_cmu/px4io-v2/NuttX/nuttx-export/libs/libnuttx.a(c-lib_dprintf.o)
 .text.dprintf  0x08006e46       0x1a /home/mosam/Desktop/dummy_repos/renewed_attempt/Firmware/build_px4fmu-v2_cmu/px4io-v2/NuttX/nuttx-export/libs/libnuttx.a(c-lib_dprintf.o)
                0x08006e46                dprintf
 .text          0x08006e60        0x0 /home/mosam/Desktop/dummy_repos/renewed_attempt/Firmware/build_px4fmu-v2_cmu/px4io-v2/NuttX/nuttx-export/libs/libnuttx.a(c-lib_lowsyslog.o)
 .text.lowvsyslog
                0x08006e60       0x1a /home/mosam/Desktop/dummy_repos/renewed_attempt/Firmware/build_px4fmu-v2_cmu/px4io-v2/NuttX/nuttx-export/libs/libnuttx.a(c-lib_lowsyslog.o)
                0x08006e60                lowvsyslog
 .text.lowsyslog
                0x08006e7a       0x1a /home/mosam/Desktop/dummy_repos/renewed_attempt/Firmware/build_px4fmu-v2_cmu/px4io-v2/NuttX/nuttx-export/libs/libnuttx.a(c-lib_lowsyslog.o)
                0x08006e7a                lowsyslog
 .text          0x08006e94        0x0 /home/mosam/Desktop/dummy_repos/renewed_attempt/Firmware/build_px4fmu-v2_cmu/px4io-v2/NuttX/nuttx-export/libs/libnuttx.a(c-lib_memchr.o)
 .text.memchr   0x08006e94       0x1e /home/mosam/Desktop/dummy_repos/renewed_attempt/Firmware/build_px4fmu-v2_cmu/px4io-v2/NuttX/nuttx-export/libs/libnuttx.a(c-lib_memchr.o)
                0x08006e94                memchr
 .text          0x08006eb2        0x0 /home/mosam/Desktop/dummy_repos/renewed_attempt/Firmware/build_px4fmu-v2_cmu/px4io-v2/NuttX/nuttx-export/libs/libnuttx.a(c-lib_memcpy.o)
 .text.memcpy   0x08006eb2       0x12 /home/mosam/Desktop/dummy_repos/renewed_attempt/Firmware/build_px4fmu-v2_cmu/px4io-v2/NuttX/nuttx-export/libs/libnuttx.a(c-lib_memcpy.o)
                0x08006eb2                memcpy
 .text          0x08006ec4        0x0 /home/mosam/Desktop/dummy_repos/renewed_attempt/Firmware/build_px4fmu-v2_cmu/px4io-v2/NuttX/nuttx-export/libs/libnuttx.a(c-lib_memset.o)
 .text.memset   0x08006ec4       0x10 /home/mosam/Desktop/dummy_repos/renewed_attempt/Firmware/build_px4fmu-v2_cmu/px4io-v2/NuttX/nuttx-export/libs/libnuttx.a(c-lib_memset.o)
                0x08006ec4                memset
 .text          0x08006ed4        0x0 /home/mosam/Desktop/dummy_repos/renewed_attempt/Firmware/build_px4fmu-v2_cmu/px4io-v2/NuttX/nuttx-export/libs/libnuttx.a(c-lib_printf.o)
 .text.printf   0x08006ed4       0x1a /home/mosam/Desktop/dummy_repos/renewed_attempt/Firmware/build_px4fmu-v2_cmu/px4io-v2/NuttX/nuttx-export/libs/libnuttx.a(c-lib_printf.o)
                0x08006ed4                printf
 .text          0x08006eee        0x0 /home/mosam/Desktop/dummy_repos/renewed_attempt/Firmware/build_px4fmu-v2_cmu/px4io-v2/NuttX/nuttx-export/libs/libnuttx.a(c-lib_sscanf.o)
 *fill*         0x08006eee        0x2 
 .text.findwidth
                0x08006ef0       0x34 /home/mosam/Desktop/dummy_repos/renewed_attempt/Firmware/build_px4fmu-v2_cmu/px4io-v2/NuttX/nuttx-export/libs/libnuttx.a(c-lib_sscanf.o)
 .text.vsscanf  0x08006f24      0x30c /home/mosam/Desktop/dummy_repos/renewed_attempt/Firmware/build_px4fmu-v2_cmu/px4io-v2/NuttX/nuttx-export/libs/libnuttx.a(c-lib_sscanf.o)
                0x08006f24                vsscanf
 .text.sscanf   0x08007230       0x1a /home/mosam/Desktop/dummy_repos/renewed_attempt/Firmware/build_px4fmu-v2_cmu/px4io-v2/NuttX/nuttx-export/libs/libnuttx.a(c-lib_sscanf.o)
                0x08007230                sscanf
 .text          0x0800724a        0x0 /home/mosam/Desktop/dummy_repos/renewed_attempt/Firmware/build_px4fmu-v2_cmu/px4io-v2/NuttX/nuttx-export/libs/libnuttx.a(c-lib_strchr.o)
 .text.strchr   0x0800724a       0x16 /home/mosam/Desktop/dummy_repos/renewed_attempt/Firmware/build_px4fmu-v2_cmu/px4io-v2/NuttX/nuttx-export/libs/libnuttx.a(c-lib_strchr.o)
                0x0800724a                strchr
 .text          0x08007260        0x0 /home/mosam/Desktop/dummy_repos/renewed_attempt/Firmware/build_px4fmu-v2_cmu/px4io-v2/NuttX/nuttx-export/libs/libnuttx.a(c-lib_strcmp.o)
 .text.strcmp   0x08007260       0x1a /home/mosam/Desktop/dummy_repos/renewed_attempt/Firmware/build_px4fmu-v2_cmu/px4io-v2/NuttX/nuttx-export/libs/libnuttx.a(c-lib_strcmp.o)
                0x08007260                strcmp
 .text          0x0800727a        0x0 /home/mosam/Desktop/dummy_repos/renewed_attempt/Firmware/build_px4fmu-v2_cmu/px4io-v2/NuttX/nuttx-export/libs/libnuttx.a(c-lib_strcspn.o)
 .text.strcspn  0x0800727a       0x1c /home/mosam/Desktop/dummy_repos/renewed_attempt/Firmware/build_px4fmu-v2_cmu/px4io-v2/NuttX/nuttx-export/libs/libnuttx.a(c-lib_strcspn.o)
                0x0800727a                strcspn
 .text          0x08007296        0x0 /home/mosam/Desktop/dummy_repos/renewed_attempt/Firmware/build_px4fmu-v2_cmu/px4io-v2/NuttX/nuttx-export/libs/libnuttx.a(c-lib_strncpy.o)
 .text.strncpy  0x08007296       0x24 /home/mosam/Desktop/dummy_repos/renewed_attempt/Firmware/build_px4fmu-v2_cmu/px4io-v2/NuttX/nuttx-export/libs/libnuttx.a(c-lib_strncpy.o)
                0x08007296                strncpy
 .text          0x080072ba        0x0 /home/mosam/Desktop/dummy_repos/renewed_attempt/Firmware/build_px4fmu-v2_cmu/px4io-v2/NuttX/nuttx-export/libs/libnuttx.a(c-lib_strtol.o)
 .text.strtol   0x080072ba       0x3c /home/mosam/Desktop/dummy_repos/renewed_attempt/Firmware/build_px4fmu-v2_cmu/px4io-v2/NuttX/nuttx-export/libs/libnuttx.a(c-lib_strtol.o)
                0x080072ba                strtol
 .text          0x080072f6        0x0 /home/mosam/Desktop/dummy_repos/renewed_attempt/Firmware/build_px4fmu-v2_cmu/px4io-v2/NuttX/nuttx-export/libs/libnuttx.a(c-lib_strtoul.o)
 .text.strtoul  0x080072f6       0x48 /home/mosam/Desktop/dummy_repos/renewed_attempt/Firmware/build_px4fmu-v2_cmu/px4io-v2/NuttX/nuttx-export/libs/libnuttx.a(c-lib_strtoul.o)
                0x080072f6                strtoul
 .text          0x0800733e        0x0 /home/mosam/Desktop/dummy_repos/renewed_attempt/Firmware/build_px4fmu-v2_cmu/px4io-v2/NuttX/nuttx-export/libs/libnuttx.a(c-lib_syslog.o)
 .text.vsyslog  0x0800733e       0x1e /home/mosam/Desktop/dummy_repos/renewed_attempt/Firmware/build_px4fmu-v2_cmu/px4io-v2/NuttX/nuttx-export/libs/libnuttx.a(c-lib_syslog.o)
                0x0800733e                vsyslog
 .text.syslog   0x0800735c       0x1a /home/mosam/Desktop/dummy_repos/renewed_attempt/Firmware/build_px4fmu-v2_cmu/px4io-v2/NuttX/nuttx-export/libs/libnuttx.a(c-lib_syslog.o)
                0x0800735c                syslog
 .text          0x08007376        0x0 /home/mosam/Desktop/dummy_repos/renewed_attempt/Firmware/build_px4fmu-v2_cmu/px4io-v2/NuttX/nuttx-export/libs/libnuttx.a(c-lib_tcgetattr.o)
 .text.tcgetattr
                0x08007376        0xa /home/mosam/Desktop/dummy_repos/renewed_attempt/Firmware/build_px4fmu-v2_cmu/px4io-v2/NuttX/nuttx-export/libs/libnuttx.a(c-lib_tcgetattr.o)
                0x08007376                tcgetattr
 .text          0x08007380        0x0 /home/mosam/Desktop/dummy_repos/renewed_attempt/Firmware/build_px4fmu-v2_cmu/px4io-v2/NuttX/nuttx-export/libs/libnuttx.a(c-lib_tcsetattr.o)
 .text.tcsetattr
                0x08007380       0x10 /home/mosam/Desktop/dummy_repos/renewed_attempt/Firmware/build_px4fmu-v2_cmu/px4io-v2/NuttX/nuttx-export/libs/libnuttx.a(c-lib_tcsetattr.o)
                0x08007380                tcsetattr
 .text          0x08007390        0x0 /home/mosam/Desktop/dummy_repos/renewed_attempt/Firmware/build_px4fmu-v2_cmu/px4io-v2/NuttX/nuttx-export/libs/libnuttx.a(c-lib_vdprintf.o)
 .text.vdprintf
                0x08007390       0x20 /home/mosam/Desktop/dummy_repos/renewed_attempt/Firmware/build_px4fmu-v2_cmu/px4io-v2/NuttX/nuttx-export/libs/libnuttx.a(c-lib_vdprintf.o)
                0x08007390                vdprintf
 .text          0x080073b0        0x0 /home/mosam/Desktop/dummy_repos/renewed_attempt/Firmware/build_px4fmu-v2_cmu/px4io-v2/NuttX/nuttx-export/libs/libnuttx.a(c-lib_vsnprintf.o)
 .text.vsnprintf
                0x080073b0       0x24 /home/mosam/Desktop/dummy_repos/renewed_attempt/Firmware/build_px4fmu-v2_cmu/px4io-v2/NuttX/nuttx-export/libs/libnuttx.a(c-lib_vsnprintf.o)
                0x080073b0                vsnprintf
 .text          0x080073d4        0x0 /home/mosam/Desktop/dummy_repos/renewed_attempt/Firmware/build_px4fmu-v2_cmu/px4io-v2/NuttX/nuttx-export/libs/libnuttx.a(c-sq_addafter.o)
 .text.sq_addafter
                0x080073d4       0x1c /home/mosam/Desktop/dummy_repos/renewed_attempt/Firmware/build_px4fmu-v2_cmu/px4io-v2/NuttX/nuttx-export/libs/libnuttx.a(c-sq_addafter.o)
                0x080073d4                sq_addafter
 .text          0x080073f0        0x0 /home/mosam/Desktop/dummy_repos/renewed_attempt/Firmware/build_px4fmu-v2_cmu/px4io-v2/NuttX/nuttx-export/libs/libnuttx.a(c-sq_addfirst.o)
 .text.sq_addfirst
                0x080073f0        0xe /home/mosam/Desktop/dummy_repos/renewed_attempt/Firmware/build_px4fmu-v2_cmu/px4io-v2/NuttX/nuttx-export/libs/libnuttx.a(c-sq_addfirst.o)
                0x080073f0                sq_addfirst
 .text          0x080073fe        0x0 /home/mosam/Desktop/dummy_repos/renewed_attempt/Firmware/build_px4fmu-v2_cmu/px4io-v2/NuttX/nuttx-export/libs/libnuttx.a(c-sq_addlast.o)
 .text.sq_addlast
                0x080073fe       0x14 /home/mosam/Desktop/dummy_repos/renewed_attempt/Firmware/build_px4fmu-v2_cmu/px4io-v2/NuttX/nuttx-export/libs/libnuttx.a(c-sq_addlast.o)
                0x080073fe                sq_addlast
 .text          0x08007412        0x0 /home/mosam/Desktop/dummy_repos/renewed_attempt/Firmware/build_px4fmu-v2_cmu/px4io-v2/NuttX/nuttx-export/libs/libnuttx.a(c-sq_rem.o)
 .text.sq_rem   0x08007412       0x2c /home/mosam/Desktop/dummy_repos/renewed_attempt/Firmware/build_px4fmu-v2_cmu/px4io-v2/NuttX/nuttx-export/libs/libnuttx.a(c-sq_rem.o)
                0x08007412                sq_rem
 .text          0x0800743e        0x0 /home/mosam/Desktop/dummy_repos/renewed_attempt/Firmware/build_px4fmu-v2_cmu/px4io-v2/NuttX/nuttx-export/libs/libnuttx.a(mm-mm_calloc.o)
 .text.calloc   0x0800743e        0xe /home/mosam/Desktop/dummy_repos/renewed_attempt/Firmware/build_px4fmu-v2_cmu/px4io-v2/NuttX/nuttx-export/libs/libnuttx.a(mm-mm_calloc.o)
                0x0800743e                calloc
 .text          0x0800744c        0x0 /home/mosam/Desktop/dummy_repos/renewed_attempt/Firmware/build_px4fmu-v2_cmu/px4io-v2/NuttX/nuttx-export/libs/libnuttx.a(mm-mm_free.o)
 .text.free     0x0800744c       0xa8 /home/mosam/Desktop/dummy_repos/renewed_attempt/Firmware/build_px4fmu-v2_cmu/px4io-v2/NuttX/nuttx-export/libs/libnuttx.a(mm-mm_free.o)
                0x0800744c                free
 .text          0x080074f4        0x0 /home/mosam/Desktop/dummy_repos/renewed_attempt/Firmware/build_px4fmu-v2_cmu/px4io-v2/NuttX/nuttx-export/libs/libnuttx.a(mm-mm_mallinfo.o)
 .text.mallinfo
                0x080074f4       0x5c /home/mosam/Desktop/dummy_repos/renewed_attempt/Firmware/build_px4fmu-v2_cmu/px4io-v2/NuttX/nuttx-export/libs/libnuttx.a(mm-mm_mallinfo.o)
                0x080074f4                mallinfo
 .text          0x08007550        0x0 /home/mosam/Desktop/dummy_repos/renewed_attempt/Firmware/build_px4fmu-v2_cmu/px4io-v2/NuttX/nuttx-export/libs/libnuttx.a(mm-mm_malloc.o)
 .text.malloc   0x08007550       0x94 /home/mosam/Desktop/dummy_repos/renewed_attempt/Firmware/build_px4fmu-v2_cmu/px4io-v2/NuttX/nuttx-export/libs/libnuttx.a(mm-mm_malloc.o)
                0x08007550                malloc
 .text          0x080075e4        0x0 /home/mosam/Desktop/dummy_repos/renewed_attempt/Firmware/build_px4fmu-v2_cmu/px4io-v2/NuttX/nuttx-export/libs/libnuttx.a(mm-mm_sem.o)
 .text.mm_seminitialize
                0x080075e4       0x18 /home/mosam/Desktop/dummy_repos/renewed_attempt/Firmware/build_px4fmu-v2_cmu/px4io-v2/NuttX/nuttx-export/libs/libnuttx.a(mm-mm_sem.o)
                0x080075e4                mm_seminitialize
 .text.mm_trysemaphore
                0x080075fc       0x32 /home/mosam/Desktop/dummy_repos/renewed_attempt/Firmware/build_px4fmu-v2_cmu/px4io-v2/NuttX/nuttx-export/libs/libnuttx.a(mm-mm_sem.o)
                0x080075fc                mm_trysemaphore
 *fill*         0x0800762e        0x2 
 .text.mm_takesemaphore
                0x08007630       0x40 /home/mosam/Desktop/dummy_repos/renewed_attempt/Firmware/build_px4fmu-v2_cmu/px4io-v2/NuttX/nuttx-export/libs/libnuttx.a(mm-mm_sem.o)
                0x08007630                mm_takesemaphore
 .text.mm_givesemaphore
                0x08007670       0x2c /home/mosam/Desktop/dummy_repos/renewed_attempt/Firmware/build_px4fmu-v2_cmu/px4io-v2/NuttX/nuttx-export/libs/libnuttx.a(mm-mm_sem.o)
                0x08007670                mm_givesemaphore
 .text          0x0800769c        0x0 /home/mosam/Desktop/dummy_repos/renewed_attempt/Firmware/build_px4fmu-v2_cmu/px4io-v2/NuttX/nuttx-export/libs/libnuttx.a(mm-mm_size2ndx.o)
 .text.mm_size2ndx
                0x0800769c       0x1a /home/mosam/Desktop/dummy_repos/renewed_attempt/Firmware/build_px4fmu-v2_cmu/px4io-v2/NuttX/nuttx-export/libs/libnuttx.a(mm-mm_size2ndx.o)
                0x0800769c                mm_size2ndx
 .text          0x080076b6        0x0 /home/mosam/Desktop/dummy_repos/renewed_attempt/Firmware/build_px4fmu-v2_cmu/px4io-v2/NuttX/nuttx-export/libs/libnuttx.a(mm-mm_user.o)
 *fill*         0x080076b6        0x2 
 .text.umm_initialize
                0x080076b8       0x10 /home/mosam/Desktop/dummy_repos/renewed_attempt/Firmware/build_px4fmu-v2_cmu/px4io-v2/NuttX/nuttx-export/libs/libnuttx.a(mm-mm_user.o)
                0x080076b8                umm_initialize
 .text.umm_addregion
                0x080076c8       0x10 /home/mosam/Desktop/dummy_repos/renewed_attempt/Firmware/build_px4fmu-v2_cmu/px4io-v2/NuttX/nuttx-export/libs/libnuttx.a(mm-mm_user.o)
                0x080076c8                umm_addregion
 .text.umm_trysemaphore
                0x080076d8        0xc /home/mosam/Desktop/dummy_repos/renewed_attempt/Firmware/build_px4fmu-v2_cmu/px4io-v2/NuttX/nuttx-export/libs/libnuttx.a(mm-mm_user.o)
                0x080076d8                umm_trysemaphore
 .text.umm_givesemaphore
                0x080076e4        0xc /home/mosam/Desktop/dummy_repos/renewed_attempt/Firmware/build_px4fmu-v2_cmu/px4io-v2/NuttX/nuttx-export/libs/libnuttx.a(mm-mm_user.o)
                0x080076e4                umm_givesemaphore
 .text          0x080076f0        0x0 /home/mosam/Desktop/dummy_repos/renewed_attempt/Firmware/build_px4fmu-v2_cmu/px4io-v2/NuttX/nuttx-export/libs/libnuttx.a(mm-mm_zalloc.o)
 .text.zalloc   0x080076f0       0x18 /home/mosam/Desktop/dummy_repos/renewed_attempt/Firmware/build_px4fmu-v2_cmu/px4io-v2/NuttX/nuttx-export/libs/libnuttx.a(mm-mm_zalloc.o)
                0x080076f0                zalloc
 .text          0x08007708        0x0 /home/mosam/Desktop/dummy_repos/renewed_attempt/Firmware/build_px4fmu-v2_cmu/px4io-v2/NuttX/nuttx-export/libs/libnuttx.a(arch-stm32_dma.o)
 .text.stm32_dmachandisable
                0x08007708       0x22 /home/mosam/Desktop/dummy_repos/renewed_attempt/Firmware/build_px4fmu-v2_cmu/px4io-v2/NuttX/nuttx-export/libs/libnuttx.a(arch-stm32_dma.o)
 *fill*         0x0800772a        0x2 
 .text.stm32_dmainterrupt
                0x0800772c       0x50 /home/mosam/Desktop/dummy_repos/renewed_attempt/Firmware/build_px4fmu-v2_cmu/px4io-v2/NuttX/nuttx-export/libs/libnuttx.a(arch-stm32_dma.o)
 .text.up_dmainitialize
                0x0800777c       0x3c /home/mosam/Desktop/dummy_repos/renewed_attempt/Firmware/build_px4fmu-v2_cmu/px4io-v2/NuttX/nuttx-export/libs/libnuttx.a(arch-stm32_dma.o)
                0x0800777c                up_dmainitialize
 .text.stm32_dmachannel
                0x080077b8       0x30 /home/mosam/Desktop/dummy_repos/renewed_attempt/Firmware/build_px4fmu-v2_cmu/px4io-v2/NuttX/nuttx-export/libs/libnuttx.a(arch-stm32_dma.o)
                0x080077b8                stm32_dmachannel
 .text.stm32_dmafree
                0x080077e8        0x6 /home/mosam/Desktop/dummy_repos/renewed_attempt/Firmware/build_px4fmu-v2_cmu/px4io-v2/NuttX/nuttx-export/libs/libnuttx.a(arch-stm32_dma.o)
                0x080077e8                stm32_dmafree
 .text.stm32_dmasetup
                0x080077ee       0x2a /home/mosam/Desktop/dummy_repos/renewed_attempt/Firmware/build_px4fmu-v2_cmu/px4io-v2/NuttX/nuttx-export/libs/libnuttx.a(arch-stm32_dma.o)
                0x080077ee                stm32_dmasetup
 .text.stm32_dmastart
                0x08007818       0x28 /home/mosam/Desktop/dummy_repos/renewed_attempt/Firmware/build_px4fmu-v2_cmu/px4io-v2/NuttX/nuttx-export/libs/libnuttx.a(arch-stm32_dma.o)
                0x08007818                stm32_dmastart
 .text.stm32_dmastop
                0x08007840        0x4 /home/mosam/Desktop/dummy_repos/renewed_attempt/Firmware/build_px4fmu-v2_cmu/px4io-v2/NuttX/nuttx-export/libs/libnuttx.a(arch-stm32_dma.o)
                0x08007840                stm32_dmastop
 .text.stm32_dmaresidual
                0x08007844        0x6 /home/mosam/Desktop/dummy_repos/renewed_attempt/Firmware/build_px4fmu-v2_cmu/px4io-v2/NuttX/nuttx-export/libs/libnuttx.a(arch-stm32_dma.o)
                0x08007844                stm32_dmaresidual
 .text          0x0800784a        0x0 /home/mosam/Desktop/dummy_repos/renewed_attempt/Firmware/build_px4fmu-v2_cmu/px4io-v2/NuttX/nuttx-export/libs/libnuttx.a(arch-stm32_gpio.o)
 *fill*         0x0800784a        0x2 
 .text.stm32_gpioinit
                0x0800784c       0x10 /home/mosam/Desktop/dummy_repos/renewed_attempt/Firmware/build_px4fmu-v2_cmu/px4io-v2/NuttX/nuttx-export/libs/libnuttx.a(arch-stm32_gpio.o)
                0x0800784c                stm32_gpioinit
 .text.stm32_configgpio
                0x0800785c       0xcc /home/mosam/Desktop/dummy_repos/renewed_attempt/Firmware/build_px4fmu-v2_cmu/px4io-v2/NuttX/nuttx-export/libs/libnuttx.a(arch-stm32_gpio.o)
                0x0800785c                stm32_configgpio
 .text.stm32_unconfiggpio
                0x08007928        0xc /home/mosam/Desktop/dummy_repos/renewed_attempt/Firmware/build_px4fmu-v2_cmu/px4io-v2/NuttX/nuttx-export/libs/libnuttx.a(arch-stm32_gpio.o)
                0x08007928                stm32_unconfiggpio
 .text.stm32_gpiowrite
                0x08007934       0x2c /home/mosam/Desktop/dummy_repos/renewed_attempt/Firmware/build_px4fmu-v2_cmu/px4io-v2/NuttX/nuttx-export/libs/libnuttx.a(arch-stm32_gpio.o)
                0x08007934                stm32_gpiowrite
 .text.stm32_gpioread
                0x08007960       0x2c /home/mosam/Desktop/dummy_repos/renewed_attempt/Firmware/build_px4fmu-v2_cmu/px4io-v2/NuttX/nuttx-export/libs/libnuttx.a(arch-stm32_gpio.o)
                0x08007960                stm32_gpioread
 .text          0x0800798c        0x0 /home/mosam/Desktop/dummy_repos/renewed_attempt/Firmware/build_px4fmu-v2_cmu/px4io-v2/NuttX/nuttx-export/libs/libnuttx.a(arch-stm32_irq.o)
 .text.stm32_irqinfo
                0x0800798c       0x6c /home/mosam/Desktop/dummy_repos/renewed_attempt/Firmware/build_px4fmu-v2_cmu/px4io-v2/NuttX/nuttx-export/libs/libnuttx.a(arch-stm32_irq.o)
 .text.up_irqinitialize
                0x080079f8       0x68 /home/mosam/Desktop/dummy_repos/renewed_attempt/Firmware/build_px4fmu-v2_cmu/px4io-v2/NuttX/nuttx-export/libs/libnuttx.a(arch-stm32_irq.o)
                0x080079f8                up_irqinitialize
 .text.up_disable_irq
                0x08007a60       0x1e /home/mosam/Desktop/dummy_repos/renewed_attempt/Firmware/build_px4fmu-v2_cmu/px4io-v2/NuttX/nuttx-export/libs/libnuttx.a(arch-stm32_irq.o)
                0x08007a60                up_disable_irq
 .text.up_enable_irq
                0x08007a7e       0x1c /home/mosam/Desktop/dummy_repos/renewed_attempt/Firmware/build_px4fmu-v2_cmu/px4io-v2/NuttX/nuttx-export/libs/libnuttx.a(arch-stm32_irq.o)
                0x08007a7e                up_enable_irq
 .text.up_maskack_irq
                0x08007a9a        0x4 /home/mosam/Desktop/dummy_repos/renewed_attempt/Firmware/build_px4fmu-v2_cmu/px4io-v2/NuttX/nuttx-export/libs/libnuttx.a(arch-stm32_irq.o)
                0x08007a9a                up_maskack_irq
 .text          0x08007a9e        0x0 /home/mosam/Desktop/dummy_repos/renewed_attempt/Firmware/build_px4fmu-v2_cmu/px4io-v2/NuttX/nuttx-export/libs/libnuttx.a(arch-stm32_serial.o)
 .text.up_restoreusartint
                0x08007a9e       0x26 /home/mosam/Desktop/dummy_repos/renewed_attempt/Firmware/build_px4fmu-v2_cmu/px4io-v2/NuttX/nuttx-export/libs/libnuttx.a(arch-stm32_serial.o)
 .text.up_set_format
                0x08007ac4       0x72 /home/mosam/Desktop/dummy_repos/renewed_attempt/Firmware/build_px4fmu-v2_cmu/px4io-v2/NuttX/nuttx-export/libs/libnuttx.a(arch-stm32_serial.o)
 .text.up_receive
                0x08007b36       0x16 /home/mosam/Desktop/dummy_repos/renewed_attempt/Firmware/build_px4fmu-v2_cmu/px4io-v2/NuttX/nuttx-export/libs/libnuttx.a(arch-stm32_serial.o)
 .text.up_rxint
                0x08007b4c       0x2c /home/mosam/Desktop/dummy_repos/renewed_attempt/Firmware/build_px4fmu-v2_cmu/px4io-v2/NuttX/nuttx-export/libs/libnuttx.a(arch-stm32_serial.o)
 .text.up_rxavailable
                0x08007b78        0xc /home/mosam/Desktop/dummy_repos/renewed_attempt/Firmware/build_px4fmu-v2_cmu/px4io-v2/NuttX/nuttx-export/libs/libnuttx.a(arch-stm32_serial.o)
 .text.up_dma_rxint
                0x08007b84        0x8 /home/mosam/Desktop/dummy_repos/renewed_attempt/Firmware/build_px4fmu-v2_cmu/px4io-v2/NuttX/nuttx-export/libs/libnuttx.a(arch-stm32_serial.o)
 .text.up_send  0x08007b8c        0x8 /home/mosam/Desktop/dummy_repos/renewed_attempt/Firmware/build_px4fmu-v2_cmu/px4io-v2/NuttX/nuttx-export/libs/libnuttx.a(arch-stm32_serial.o)
 .text.up_txready
                0x08007b94        0xc /home/mosam/Desktop/dummy_repos/renewed_attempt/Firmware/build_px4fmu-v2_cmu/px4io-v2/NuttX/nuttx-export/libs/libnuttx.a(arch-stm32_serial.o)
 .text.up_txint
                0x08007ba0       0x38 /home/mosam/Desktop/dummy_repos/renewed_attempt/Firmware/build_px4fmu-v2_cmu/px4io-v2/NuttX/nuttx-export/libs/libnuttx.a(arch-stm32_serial.o)
 .text.up_interrupt_common
                0x08007bd8       0x4e /home/mosam/Desktop/dummy_repos/renewed_attempt/Firmware/build_px4fmu-v2_cmu/px4io-v2/NuttX/nuttx-export/libs/libnuttx.a(arch-stm32_serial.o)
 *fill*         0x08007c26        0x2 
 .text.up_interrupt_usart3
                0x08007c28        0xc /home/mosam/Desktop/dummy_repos/renewed_attempt/Firmware/build_px4fmu-v2_cmu/px4io-v2/NuttX/nuttx-export/libs/libnuttx.a(arch-stm32_serial.o)
 .text.up_interrupt_usart2
                0x08007c34        0xc /home/mosam/Desktop/dummy_repos/renewed_attempt/Firmware/build_px4fmu-v2_cmu/px4io-v2/NuttX/nuttx-export/libs/libnuttx.a(arch-stm32_serial.o)
 .text.up_interrupt_usart1
                0x08007c40        0xc /home/mosam/Desktop/dummy_repos/renewed_attempt/Firmware/build_px4fmu-v2_cmu/px4io-v2/NuttX/nuttx-export/libs/libnuttx.a(arch-stm32_serial.o)
 .text.up_dma_receive
                0x08007c4c       0x28 /home/mosam/Desktop/dummy_repos/renewed_attempt/Firmware/build_px4fmu-v2_cmu/px4io-v2/NuttX/nuttx-export/libs/libnuttx.a(arch-stm32_serial.o)
 .text.up_ioctl
                0x08007c74       0xa2 /home/mosam/Desktop/dummy_repos/renewed_attempt/Firmware/build_px4fmu-v2_cmu/px4io-v2/NuttX/nuttx-export/libs/libnuttx.a(arch-stm32_serial.o)
 .text.up_detach
                0x08007d16       0x1a /home/mosam/Desktop/dummy_repos/renewed_attempt/Firmware/build_px4fmu-v2_cmu/px4io-v2/NuttX/nuttx-export/libs/libnuttx.a(arch-stm32_serial.o)
 .text.up_attach
                0x08007d30       0x1e /home/mosam/Desktop/dummy_repos/renewed_attempt/Firmware/build_px4fmu-v2_cmu/px4io-v2/NuttX/nuttx-export/libs/libnuttx.a(arch-stm32_serial.o)
 .text.up_setup
                0x08007d4e       0x58 /home/mosam/Desktop/dummy_repos/renewed_attempt/Firmware/build_px4fmu-v2_cmu/px4io-v2/NuttX/nuttx-export/libs/libnuttx.a(arch-stm32_serial.o)
 *fill*         0x08007da6        0x2 
 .text.up_dma_setup
                0x08007da8       0x50 /home/mosam/Desktop/dummy_repos/renewed_attempt/Firmware/build_px4fmu-v2_cmu/px4io-v2/NuttX/nuttx-export/libs/libnuttx.a(arch-stm32_serial.o)
 .text.up_shutdown
                0x08007df8       0x1c /home/mosam/Desktop/dummy_repos/renewed_attempt/Firmware/build_px4fmu-v2_cmu/px4io-v2/NuttX/nuttx-export/libs/libnuttx.a(arch-stm32_serial.o)
 .text.up_dma_shutdown
                0x08007e14       0x1a /home/mosam/Desktop/dummy_repos/renewed_attempt/Firmware/build_px4fmu-v2_cmu/px4io-v2/NuttX/nuttx-export/libs/libnuttx.a(arch-stm32_serial.o)
 .text.up_dma_rxavailable
                0x08007e2e       0x18 /home/mosam/Desktop/dummy_repos/renewed_attempt/Firmware/build_px4fmu-v2_cmu/px4io-v2/NuttX/nuttx-export/libs/libnuttx.a(arch-stm32_serial.o)
 .text.up_dma_rxcallback
                0x08007e46       0x1e /home/mosam/Desktop/dummy_repos/renewed_attempt/Firmware/build_px4fmu-v2_cmu/px4io-v2/NuttX/nuttx-export/libs/libnuttx.a(arch-stm32_serial.o)
 .text.up_earlyserialinit
                0x08007e64       0x34 /home/mosam/Desktop/dummy_repos/renewed_attempt/Firmware/build_px4fmu-v2_cmu/px4io-v2/NuttX/nuttx-export/libs/libnuttx.a(arch-stm32_serial.o)
                0x08007e64                up_earlyserialinit
 .text.up_serialinit
                0x08007e98       0x60 /home/mosam/Desktop/dummy_repos/renewed_attempt/Firmware/build_px4fmu-v2_cmu/px4io-v2/NuttX/nuttx-export/libs/libnuttx.a(arch-stm32_serial.o)
                0x08007e98                up_serialinit
 .text.stm32_serial_dma_poll
                0x08007ef8       0x34 /home/mosam/Desktop/dummy_repos/renewed_attempt/Firmware/build_px4fmu-v2_cmu/px4io-v2/NuttX/nuttx-export/libs/libnuttx.a(arch-stm32_serial.o)
                0x08007ef8                stm32_serial_dma_poll
 .text.up_putc  0x08007f2c       0x3c /home/mosam/Desktop/dummy_repos/renewed_attempt/Firmware/build_px4fmu-v2_cmu/px4io-v2/NuttX/nuttx-export/libs/libnuttx.a(arch-stm32_serial.o)
                0x08007f2c                up_putc
 .text          0x08007f68        0x0 /home/mosam/Desktop/dummy_repos/renewed_attempt/Firmware/build_px4fmu-v2_cmu/px4io-v2/NuttX/nuttx-export/libs/libnuttx.a(arch-stm32_start.o)
 .text.__start  0x08007f68       0x58 /home/mosam/Desktop/dummy_repos/renewed_attempt/Firmware/build_px4fmu-v2_cmu/px4io-v2/NuttX/nuttx-export/libs/libnuttx.a(arch-stm32_start.o)
                0x08007f68                __start
 .text          0x08007fc0        0x0 /home/mosam/Desktop/dummy_repos/renewed_attempt/Firmware/build_px4fmu-v2_cmu/px4io-v2/NuttX/nuttx-export/libs/libnuttx.a(arch-up_assert.o)
 .text.up_assert
                0x08007fc0      0x144 /home/mosam/Desktop/dummy_repos/renewed_attempt/Firmware/build_px4fmu-v2_cmu/px4io-v2/NuttX/nuttx-export/libs/libnuttx.a(arch-up_assert.o)
                0x08007fc0                up_assert
 .text          0x08008104        0x0 /home/mosam/Desktop/dummy_repos/renewed_attempt/Firmware/build_px4fmu-v2_cmu/px4io-v2/NuttX/nuttx-export/libs/libnuttx.a(arch-up_hardfault.o)
 .text.up_hardfault
                0x08008104       0x40 /home/mosam/Desktop/dummy_repos/renewed_attempt/Firmware/build_px4fmu-v2_cmu/px4io-v2/NuttX/nuttx-export/libs/libnuttx.a(arch-up_hardfault.o)
                0x08008104                up_hardfault
 .text          0x08008144        0x0 /home/mosam/Desktop/dummy_repos/renewed_attempt/Firmware/build_px4fmu-v2_cmu/px4io-v2/NuttX/nuttx-export/libs/libnuttx.a(arch-up_modifyreg32.o)
 .text.modifyreg32
                0x08008144       0x1c /home/mosam/Desktop/dummy_repos/renewed_attempt/Firmware/build_px4fmu-v2_cmu/px4io-v2/NuttX/nuttx-export/libs/libnuttx.a(arch-up_modifyreg32.o)
                0x08008144                modifyreg32
 .text          0x08008160        0x0 /home/mosam/Desktop/dummy_repos/renewed_attempt/Firmware/build_px4fmu-v2_cmu/px4io-v2/NuttX/nuttx-export/libs/libnuttx.a(arch-up_svcall.o)
 .text.up_svcall
                0x08008160       0x34 /home/mosam/Desktop/dummy_repos/renewed_attempt/Firmware/build_px4fmu-v2_cmu/px4io-v2/NuttX/nuttx-export/libs/libnuttx.a(arch-up_svcall.o)
                0x08008160                up_svcall
 .text          0x08008194        0x0 /home/mosam/Desktop/dummy_repos/renewed_attempt/Firmware/build_px4fmu-v2_cmu/px4io-v2/NuttX/nuttx-export/libs/libnuttx.a(arch-up_systemreset.o)
 .text.up_systemreset
                0x08008194       0x1c /home/mosam/Desktop/dummy_repos/renewed_attempt/Firmware/build_px4fmu-v2_cmu/px4io-v2/NuttX/nuttx-export/libs/libnuttx.a(arch-up_systemreset.o)
                0x08008194                up_systemreset
 .text          0x080081b0        0x0 /home/mosam/Desktop/dummy_repos/renewed_attempt/Firmware/build_px4fmu-v2_cmu/px4io-v2/NuttX/nuttx-export/libs/libnuttx.a(arch-up_udelay.o)
 .text.up_udelay
                0x080081b0       0x64 /home/mosam/Desktop/dummy_repos/renewed_attempt/Firmware/build_px4fmu-v2_cmu/px4io-v2/NuttX/nuttx-export/libs/libnuttx.a(arch-up_udelay.o)
                0x080081b0                up_udelay
 .text          0x08008214        0x0 /home/mosam/Desktop/dummy_repos/renewed_attempt/Firmware/build_px4fmu-v2_cmu/px4io-v2/NuttX/nuttx-export/libs/libnuttx.a(arch-up_vectors.o)
 .text          0x08008214        0x0 /home/mosam/Desktop/dummy_repos/renewed_attempt/Firmware/build_px4fmu-v2_cmu/px4io-v2/NuttX/nuttx-export/libs/libnuttx.a(cxx-libxx_cxa_atexit.o)
 .text.__cxa_atexit
                0x08008214        0x4 /home/mosam/Desktop/dummy_repos/renewed_attempt/Firmware/build_px4fmu-v2_cmu/px4io-v2/NuttX/nuttx-export/libs/libnuttx.a(cxx-libxx_cxa_atexit.o)
                0x08008214                __cxa_atexit
 .text          0x08008218        0x0 /home/mosam/Desktop/dummy_repos/renewed_attempt/Firmware/build_px4fmu-v2_cmu/px4io-v2/NuttX/nuttx-export/libs/libnuttx.a(cxx-libxx_cxapurevirtual.o)
 .text.__cxa_pure_virtual
                0x08008218       0x10 /home/mosam/Desktop/dummy_repos/renewed_attempt/Firmware/build_px4fmu-v2_cmu/px4io-v2/NuttX/nuttx-export/libs/libnuttx.a(cxx-libxx_cxapurevirtual.o)
                0x08008218                __cxa_pure_virtual
 .text          0x08008228        0x0 /home/mosam/Desktop/dummy_repos/renewed_attempt/Firmware/build_px4fmu-v2_cmu/px4io-v2/NuttX/nuttx-export/libs/libnuttx.a(cxx-libxx_delete.o)
 .text._ZdlPv   0x08008228        0x4 /home/mosam/Desktop/dummy_repos/renewed_attempt/Firmware/build_px4fmu-v2_cmu/px4io-v2/NuttX/nuttx-export/libs/libnuttx.a(cxx-libxx_delete.o)
                0x08008228                operator delete(void*)
 .text          0x0800822c        0x0 /home/mosam/Desktop/dummy_repos/renewed_attempt/Firmware/build_px4fmu-v2_cmu/px4io-v2/NuttX/nuttx-export/libs/libnuttx.a(cxx-libxx_eabi_atexit.o)
 .text.__aeabi_atexit
                0x0800822c        0xa /home/mosam/Desktop/dummy_repos/renewed_attempt/Firmware/build_px4fmu-v2_cmu/px4io-v2/NuttX/nuttx-export/libs/libnuttx.a(cxx-libxx_eabi_atexit.o)
                0x0800822c                __aeabi_atexit
 .text          0x08008236        0x0 /home/mosam/Desktop/dummy_repos/renewed_attempt/Firmware/build_px4fmu-v2_cmu/px4io-v2/NuttX/nuttx-export/libs/libnuttx.a(cxx-libxx_new.o)
 .text._Znwj    0x08008236        0xa /home/mosam/Desktop/dummy_repos/renewed_attempt/Firmware/build_px4fmu-v2_cmu/px4io-v2/NuttX/nuttx-export/libs/libnuttx.a(cxx-libxx_new.o)
                0x08008236                operator new(unsigned int)
 .text          0x08008240        0x0 /home/mosam/Desktop/dummy_repos/renewed_attempt/Firmware/build_px4fmu-v2_cmu/px4io-v2/NuttX/nuttx-export/libs/libnuttx.a(fs-fs_ioctl.o)
 .text.ioctl    0x08008240       0x4a /home/mosam/Desktop/dummy_repos/renewed_attempt/Firmware/build_px4fmu-v2_cmu/px4io-v2/NuttX/nuttx-export/libs/libnuttx.a(fs-fs_ioctl.o)
                0x08008240                ioctl
 .text          0x0800828a        0x0 /home/mosam/Desktop/dummy_repos/renewed_attempt/Firmware/build_px4fmu-v2_cmu/px4io-v2/NuttX/nuttx-export/libs/libnuttx.a(fs-fs_open.o)
 .text.inode_checkflags
                0x0800828a       0x28 /home/mosam/Desktop/dummy_repos/renewed_attempt/Firmware/build_px4fmu-v2_cmu/px4io-v2/NuttX/nuttx-export/libs/libnuttx.a(fs-fs_open.o)
                0x0800828a                inode_checkflags
 .text.open     0x080082b2       0x96 /home/mosam/Desktop/dummy_repos/renewed_attempt/Firmware/build_px4fmu-v2_cmu/px4io-v2/NuttX/nuttx-export/libs/libnuttx.a(fs-fs_open.o)
                0x080082b2                open
 .text          0x08008348        0x0 /home/mosam/Desktop/dummy_repos/renewed_attempt/Firmware/build_px4fmu-v2_cmu/px4io-v2/NuttX/nuttx-export/libs/libnuttx.a(fs-fs_read.o)
 .text.read     0x08008348       0x62 /home/mosam/Desktop/dummy_repos/renewed_attempt/Firmware/build_px4fmu-v2_cmu/px4io-v2/NuttX/nuttx-export/libs/libnuttx.a(fs-fs_read.o)
                0x08008348                read
 .text          0x080083aa        0x0 /home/mosam/Desktop/dummy_repos/renewed_attempt/Firmware/build_px4fmu-v2_cmu/px4io-v2/NuttX/nuttx-export/libs/libnuttx.a(fs-fs_write.o)
 .text.write    0x080083aa       0x56 /home/mosam/Desktop/dummy_repos/renewed_attempt/Firmware/build_px4fmu-v2_cmu/px4io-v2/NuttX/nuttx-export/libs/libnuttx.a(fs-fs_write.o)
                0x080083aa                write
 .text          0x08008400        0x0 /home/mosam/Desktop/dummy_repos/renewed_attempt/Firmware/build_px4fmu-v2_cmu/px4io-v2/NuttX/nuttx-export/libs/libnuttx.a(drivers-serialirq.o)
 .text.uart_xmitchars
                0x08008400       0x70 /home/mosam/Desktop/dummy_repos/renewed_attempt/Firmware/build_px4fmu-v2_cmu/px4io-v2/NuttX/nuttx-export/libs/libnuttx.a(drivers-serialirq.o)
                0x08008400                uart_xmitchars
 .text.uart_recvchars
                0x08008470       0x5c /home/mosam/Desktop/dummy_repos/renewed_attempt/Firmware/build_px4fmu-v2_cmu/px4io-v2/NuttX/nuttx-export/libs/libnuttx.a(drivers-serialirq.o)
                0x08008470                uart_recvchars
 .text          0x080084cc        0x0 /home/mosam/Desktop/dummy_repos/renewed_attempt/Firmware/build_px4fmu-v2_cmu/px4io-v2/NuttX/nuttx-export/libs/libnuttx.a(drivers-serial.o)
 .text.uart_ioctl
                0x080084cc       0xcc /home/mosam/Desktop/dummy_repos/renewed_attempt/Firmware/build_px4fmu-v2_cmu/px4io-v2/NuttX/nuttx-export/libs/libnuttx.a(drivers-serial.o)
 .text.uart_takesem
                0x08008598       0x30 /home/mosam/Desktop/dummy_repos/renewed_attempt/Firmware/build_px4fmu-v2_cmu/px4io-v2/NuttX/nuttx-export/libs/libnuttx.a(drivers-serial.o)
 .text.uart_putxmitchar
                0x080085c8       0x7e /home/mosam/Desktop/dummy_repos/renewed_attempt/Firmware/build_px4fmu-v2_cmu/px4io-v2/NuttX/nuttx-export/libs/libnuttx.a(drivers-serial.o)
 .text.uart_write
                0x08008646       0xea /home/mosam/Desktop/dummy_repos/renewed_attempt/Firmware/build_px4fmu-v2_cmu/px4io-v2/NuttX/nuttx-export/libs/libnuttx.a(drivers-serial.o)
 .text.uart_read
                0x08008730       0xe8 /home/mosam/Desktop/dummy_repos/renewed_attempt/Firmware/build_px4fmu-v2_cmu/px4io-v2/NuttX/nuttx-export/libs/libnuttx.a(drivers-serial.o)
 .text.uart_open
                0x08008818       0xaa /home/mosam/Desktop/dummy_repos/renewed_attempt/Firmware/build_px4fmu-v2_cmu/px4io-v2/NuttX/nuttx-export/libs/libnuttx.a(drivers-serial.o)
 .text.uart_close
                0x080088c2       0x7e /home/mosam/Desktop/dummy_repos/renewed_attempt/Firmware/build_px4fmu-v2_cmu/px4io-v2/NuttX/nuttx-export/libs/libnuttx.a(drivers-serial.o)
 .text.uart_register
                0x08008940       0x54 /home/mosam/Desktop/dummy_repos/renewed_attempt/Firmware/build_px4fmu-v2_cmu/px4io-v2/NuttX/nuttx-export/libs/libnuttx.a(drivers-serial.o)
                0x08008940                uart_register
 .text.uart_datareceived
                0x08008994       0x10 /home/mosam/Desktop/dummy_repos/renewed_attempt/Firmware/build_px4fmu-v2_cmu/px4io-v2/NuttX/nuttx-export/libs/libnuttx.a(drivers-serial.o)
                0x08008994                uart_datareceived
 .text.uart_datasent
                0x080089a4       0x10 /home/mosam/Desktop/dummy_repos/renewed_attempt/Firmware/build_px4fmu-v2_cmu/px4io-v2/NuttX/nuttx-export/libs/libnuttx.a(drivers-serial.o)
                0x080089a4                uart_datasent
 .text.uart_numrxavail
                0x080089b4       0x2a /home/mosam/Desktop/dummy_repos/renewed_attempt/Firmware/build_px4fmu-v2_cmu/px4io-v2/NuttX/nuttx-export/libs/libnuttx.a(drivers-serial.o)
                0x080089b4                uart_numrxavail
 .text          0x080089de        0x0 /home/mosam/Desktop/dummy_repos/renewed_attempt/Firmware/build_px4fmu-v2_cmu/px4io-v2/NuttX/nuttx-export/libs/libnuttx.a(sched-errno_getptr.o)
 *fill*         0x080089de        0x2 
 .text.get_errno_ptr
                0x080089e0       0x24 /home/mosam/Desktop/dummy_repos/renewed_attempt/Firmware/build_px4fmu-v2_cmu/px4io-v2/NuttX/nuttx-export/libs/libnuttx.a(sched-errno_getptr.o)
                0x080089e0                get_errno_ptr
 .text          0x08008a04        0x0 /home/mosam/Desktop/dummy_repos/renewed_attempt/Firmware/build_px4fmu-v2_cmu/px4io-v2/NuttX/nuttx-export/libs/libnuttx.a(sched-exit.o)
 .text.exit     0x08008a04       0x1c /home/mosam/Desktop/dummy_repos/renewed_attempt/Firmware/build_px4fmu-v2_cmu/px4io-v2/NuttX/nuttx-export/libs/libnuttx.a(sched-exit.o)
                0x08008a04                exit
 .text          0x08008a20        0x0 /home/mosam/Desktop/dummy_repos/renewed_attempt/Firmware/build_px4fmu-v2_cmu/px4io-v2/NuttX/nuttx-export/libs/libnuttx.a(sched-getpid.o)
 .text.getpid   0x08008a20       0x10 /home/mosam/Desktop/dummy_repos/renewed_attempt/Firmware/build_px4fmu-v2_cmu/px4io-v2/NuttX/nuttx-export/libs/libnuttx.a(sched-getpid.o)
                0x08008a20                getpid
 .text          0x08008a30        0x0 /home/mosam/Desktop/dummy_repos/renewed_attempt/Firmware/build_px4fmu-v2_cmu/px4io-v2/NuttX/nuttx-export/libs/libnuttx.a(sched-os_start.o)
 .text.os_start
                0x08008a30      0x130 /home/mosam/Desktop/dummy_repos/renewed_attempt/Firmware/build_px4fmu-v2_cmu/px4io-v2/NuttX/nuttx-export/libs/libnuttx.a(sched-os_start.o)
                0x08008a30                os_start
 .text          0x08008b60        0x0 /home/mosam/Desktop/dummy_repos/renewed_attempt/Firmware/build_px4fmu-v2_cmu/px4io-v2/NuttX/nuttx-export/libs/libnuttx.a(sched-sched_garbage.o)
 .text.sched_garbagecollection
                0x08008b60       0x2c /home/mosam/Desktop/dummy_repos/renewed_attempt/Firmware/build_px4fmu-v2_cmu/px4io-v2/NuttX/nuttx-export/libs/libnuttx.a(sched-sched_garbage.o)
                0x08008b60                sched_garbagecollection
 .text          0x08008b8c        0x0 /home/mosam/Desktop/dummy_repos/renewed_attempt/Firmware/build_px4fmu-v2_cmu/px4io-v2/NuttX/nuttx-export/libs/libnuttx.a(sched-sched_getfiles.o)
 .text.sched_getfiles
                0x08008b8c       0x10 /home/mosam/Desktop/dummy_repos/renewed_attempt/Firmware/build_px4fmu-v2_cmu/px4io-v2/NuttX/nuttx-export/libs/libnuttx.a(sched-sched_getfiles.o)
                0x08008b8c                sched_getfiles
 .text          0x08008b9c        0x0 /home/mosam/Desktop/dummy_repos/renewed_attempt/Firmware/build_px4fmu-v2_cmu/px4io-v2/NuttX/nuttx-export/libs/libnuttx.a(sched-sem_post.o)
 .text.sem_post
                0x08008b9c       0x58 /home/mosam/Desktop/dummy_repos/renewed_attempt/Firmware/build_px4fmu-v2_cmu/px4io-v2/NuttX/nuttx-export/libs/libnuttx.a(sched-sem_post.o)
                0x08008b9c                sem_post
 .text          0x08008bf4        0x0 /home/mosam/Desktop/dummy_repos/renewed_attempt/Firmware/build_px4fmu-v2_cmu/px4io-v2/NuttX/nuttx-export/libs/libnuttx.a(sched-sem_trywait.o)
 .text.sem_trywait
                0x08008bf4       0x4c /home/mosam/Desktop/dummy_repos/renewed_attempt/Firmware/build_px4fmu-v2_cmu/px4io-v2/NuttX/nuttx-export/libs/libnuttx.a(sched-sem_trywait.o)
                0x08008bf4                sem_trywait
 .text          0x08008c40        0x0 /home/mosam/Desktop/dummy_repos/renewed_attempt/Firmware/build_px4fmu-v2_cmu/px4io-v2/NuttX/nuttx-export/libs/libnuttx.a(sched-sem_wait.o)
 .text.sem_wait
                0x08008c40       0x84 /home/mosam/Desktop/dummy_repos/renewed_attempt/Firmware/build_px4fmu-v2_cmu/px4io-v2/NuttX/nuttx-export/libs/libnuttx.a(sched-sem_wait.o)
                0x08008c40                sem_wait
 .text          0x08008cc4        0x0 /home/mosam/Desktop/dummy_repos/renewed_attempt/Firmware/build_px4fmu-v2_cmu/px4io-v2/NuttX/nuttx-export/libs/libnuttx.a(sched-task_exithook.o)
 .text.task_exithook
                0x08008cc4       0x1e /home/mosam/Desktop/dummy_repos/renewed_attempt/Firmware/build_px4fmu-v2_cmu/px4io-v2/NuttX/nuttx-export/libs/libnuttx.a(sched-task_exithook.o)
                0x08008cc4                task_exithook
 .text          0x08008ce2        0x0 /home/mosam/Desktop/dummy_repos/renewed_attempt/Firmware/build_px4fmu-v2_cmu/px4io-v2/NuttX/nuttx-export/libs/libnuttx.a(sched-task_recover.o)
 .text.task_recover
                0x08008ce2       0x26 /home/mosam/Desktop/dummy_repos/renewed_attempt/Firmware/build_px4fmu-v2_cmu/px4io-v2/NuttX/nuttx-export/libs/libnuttx.a(sched-task_recover.o)
                0x08008ce2                task_recover
 .text          0x08008d08        0x0 /home/mosam/Desktop/dummy_repos/renewed_attempt/Firmware/build_px4fmu-v2_cmu/px4io-v2/NuttX/nuttx-export/libs/libnuttx.a(sched-wd_cancel.o)
 .text.wd_cancel
                0x08008d08       0x64 /home/mosam/Desktop/dummy_repos/renewed_attempt/Firmware/build_px4fmu-v2_cmu/px4io-v2/NuttX/nuttx-export/libs/libnuttx.a(sched-wd_cancel.o)
                0x08008d08                wd_cancel
 .text          0x08008d6c        0x0 /home/mosam/Desktop/dummy_repos/renewed_attempt/Firmware/build_px4fmu-v2_cmu/px4io-v2/NuttX/nuttx-export/libs/libnuttx.a(sched-wd_delete.o)
 .text.wd_delete
                0x08008d6c       0x3c /home/mosam/Desktop/dummy_repos/renewed_attempt/Firmware/build_px4fmu-v2_cmu/px4io-v2/NuttX/nuttx-export/libs/libnuttx.a(sched-wd_delete.o)
                0x08008d6c                wd_delete
 .text          0x08008da8        0x0 /home/mosam/Desktop/dummy_repos/renewed_attempt/Firmware/build_px4fmu-v2_cmu/px4io-v2/NuttX/nuttx-export/libs/libnuttx.a(sched-wd_initialize.o)
 .text.wd_initialize
                0x08008da8       0x44 /home/mosam/Desktop/dummy_repos/renewed_attempt/Firmware/build_px4fmu-v2_cmu/px4io-v2/NuttX/nuttx-export/libs/libnuttx.a(sched-wd_initialize.o)
                0x08008da8                wd_initialize
 .text          0x08008dec        0x0 /home/mosam/Desktop/dummy_repos/renewed_attempt/Firmware/build_px4fmu-v2_cmu/px4io-v2/NuttX/nuttx-export/libs/libnuttx.a(c-dq_addfirst.o)
 .text.dq_addfirst
                0x08008dec       0x18 /home/mosam/Desktop/dummy_repos/renewed_attempt/Firmware/build_px4fmu-v2_cmu/px4io-v2/NuttX/nuttx-export/libs/libnuttx.a(c-dq_addfirst.o)
                0x08008dec                dq_addfirst
 .text          0x08008e04        0x0 /home/mosam/Desktop/dummy_repos/renewed_attempt/Firmware/build_px4fmu-v2_cmu/px4io-v2/NuttX/nuttx-export/libs/libnuttx.a(c-lib_cfgetspeed.o)
 .text.cfgetspeed
                0x08008e04        0x4 /home/mosam/Desktop/dummy_repos/renewed_attempt/Firmware/build_px4fmu-v2_cmu/px4io-v2/NuttX/nuttx-export/libs/libnuttx.a(c-lib_cfgetspeed.o)
                0x08008e04                cfgetspeed
 .text          0x08008e08        0x0 /home/mosam/Desktop/dummy_repos/renewed_attempt/Firmware/build_px4fmu-v2_cmu/px4io-v2/NuttX/nuttx-export/libs/libnuttx.a(c-lib_checkbase.o)
 .text.lib_checkbase
                0x08008e08       0x52 /home/mosam/Desktop/dummy_repos/renewed_attempt/Firmware/build_px4fmu-v2_cmu/px4io-v2/NuttX/nuttx-export/libs/libnuttx.a(c-lib_checkbase.o)
                0x08008e08                lib_checkbase
 .text          0x08008e5a        0x0 /home/mosam/Desktop/dummy_repos/renewed_attempt/Firmware/build_px4fmu-v2_cmu/px4io-v2/NuttX/nuttx-export/libs/libnuttx.a(c-lib_isbasedigit.o)
 .text.lib_isbasedigit
                0x08008e5a       0x4e /home/mosam/Desktop/dummy_repos/renewed_attempt/Firmware/build_px4fmu-v2_cmu/px4io-v2/NuttX/nuttx-export/libs/libnuttx.a(c-lib_isbasedigit.o)
                0x08008e5a                lib_isbasedigit
 .text          0x08008ea8        0x0 /home/mosam/Desktop/dummy_repos/renewed_attempt/Firmware/build_px4fmu-v2_cmu/px4io-v2/NuttX/nuttx-export/libs/libnuttx.a(c-lib_libvsprintf.o)
 .text.utodec   0x08008ea8       0x22 /home/mosam/Desktop/dummy_repos/renewed_attempt/Firmware/build_px4fmu-v2_cmu/px4io-v2/NuttX/nuttx-export/libs/libnuttx.a(c-lib_libvsprintf.o)
 .text.utooct   0x08008eca       0x1c /home/mosam/Desktop/dummy_repos/renewed_attempt/Firmware/build_px4fmu-v2_cmu/px4io-v2/NuttX/nuttx-export/libs/libnuttx.a(c-lib_libvsprintf.o)
 .text.utobin   0x08008ee6       0x1c /home/mosam/Desktop/dummy_repos/renewed_attempt/Firmware/build_px4fmu-v2_cmu/px4io-v2/NuttX/nuttx-export/libs/libnuttx.a(c-lib_libvsprintf.o)
 .text.llutodec
                0x08008f02       0x44 /home/mosam/Desktop/dummy_repos/renewed_attempt/Firmware/build_px4fmu-v2_cmu/px4io-v2/NuttX/nuttx-export/libs/libnuttx.a(c-lib_libvsprintf.o)
 .text.llutooct
                0x08008f46       0x2a /home/mosam/Desktop/dummy_repos/renewed_attempt/Firmware/build_px4fmu-v2_cmu/px4io-v2/NuttX/nuttx-export/libs/libnuttx.a(c-lib_libvsprintf.o)
 .text.llutobin
                0x08008f70       0x24 /home/mosam/Desktop/dummy_repos/renewed_attempt/Firmware/build_px4fmu-v2_cmu/px4io-v2/NuttX/nuttx-export/libs/libnuttx.a(c-lib_libvsprintf.o)
 .text.prejustify
                0x08008f94       0x80 /home/mosam/Desktop/dummy_repos/renewed_attempt/Firmware/build_px4fmu-v2_cmu/px4io-v2/NuttX/nuttx-export/libs/libnuttx.a(c-lib_libvsprintf.o)
 .text.utohex   0x08009014       0x48 /home/mosam/Desktop/dummy_repos/renewed_attempt/Firmware/build_px4fmu-v2_cmu/px4io-v2/NuttX/nuttx-export/libs/libnuttx.a(c-lib_libvsprintf.o)
 .text.utoascii
                0x0800905c       0x88 /home/mosam/Desktop/dummy_repos/renewed_attempt/Firmware/build_px4fmu-v2_cmu/px4io-v2/NuttX/nuttx-export/libs/libnuttx.a(c-lib_libvsprintf.o)
 .text.llutohex
                0x080090e4       0x5e /home/mosam/Desktop/dummy_repos/renewed_attempt/Firmware/build_px4fmu-v2_cmu/px4io-v2/NuttX/nuttx-export/libs/libnuttx.a(c-lib_libvsprintf.o)
 .text.llutoascii
                0x08009142       0x92 /home/mosam/Desktop/dummy_repos/renewed_attempt/Firmware/build_px4fmu-v2_cmu/px4io-v2/NuttX/nuttx-export/libs/libnuttx.a(c-lib_libvsprintf.o)
 .text.postjustify
                0x080091d4       0x26 /home/mosam/Desktop/dummy_repos/renewed_attempt/Firmware/build_px4fmu-v2_cmu/px4io-v2/NuttX/nuttx-export/libs/libnuttx.a(c-lib_libvsprintf.o)
 *fill*         0x080091fa        0x2 
 .text.lib_vsprintf
                0x080091fc      0x28c /home/mosam/Desktop/dummy_repos/renewed_attempt/Firmware/build_px4fmu-v2_cmu/px4io-v2/NuttX/nuttx-export/libs/libnuttx.a(c-lib_libvsprintf.o)
                0x080091fc                lib_vsprintf
 .text          0x08009488        0x0 /home/mosam/Desktop/dummy_repos/renewed_attempt/Firmware/build_px4fmu-v2_cmu/px4io-v2/NuttX/nuttx-export/libs/libnuttx.a(c-lib_lowoutstream.o)
 .text.lowoutstream_putc
                0x08009488       0x16 /home/mosam/Desktop/dummy_repos/renewed_attempt/Firmware/build_px4fmu-v2_cmu/px4io-v2/NuttX/nuttx-export/libs/libnuttx.a(c-lib_lowoutstream.o)
 *fill*         0x0800949e        0x2 
 .text.lib_lowoutstream
                0x080094a0       0x10 /home/mosam/Desktop/dummy_repos/renewed_attempt/Firmware/build_px4fmu-v2_cmu/px4io-v2/NuttX/nuttx-export/libs/libnuttx.a(c-lib_lowoutstream.o)
                0x080094a0                lib_lowoutstream
 .text          0x080094b0        0x0 /home/mosam/Desktop/dummy_repos/renewed_attempt/Firmware/build_px4fmu-v2_cmu/px4io-v2/NuttX/nuttx-export/libs/libnuttx.a(c-lib_memoutstream.o)
 .text.memoutstream_putc
                0x080094b0       0x1a /home/mosam/Desktop/dummy_repos/renewed_attempt/Firmware/build_px4fmu-v2_cmu/px4io-v2/NuttX/nuttx-export/libs/libnuttx.a(c-lib_memoutstream.o)
 *fill*         0x080094ca        0x2 
 .text.lib_memoutstream
                0x080094cc       0x18 /home/mosam/Desktop/dummy_repos/renewed_attempt/Firmware/build_px4fmu-v2_cmu/px4io-v2/NuttX/nuttx-export/libs/libnuttx.a(c-lib_memoutstream.o)
                0x080094cc                lib_memoutstream
 .text          0x080094e4        0x0 /home/mosam/Desktop/dummy_repos/renewed_attempt/Firmware/build_px4fmu-v2_cmu/px4io-v2/NuttX/nuttx-export/libs/libnuttx.a(c-lib_nulloutstream.o)
 .text.nulloutstream_putc
                0x080094e4        0x8 /home/mosam/Desktop/dummy_repos/renewed_attempt/Firmware/build_px4fmu-v2_cmu/px4io-v2/NuttX/nuttx-export/libs/libnuttx.a(c-lib_nulloutstream.o)
 .text.lib_nulloutstream
                0x080094ec       0x10 /home/mosam/Desktop/dummy_repos/renewed_attempt/Firmware/build_px4fmu-v2_cmu/px4io-v2/NuttX/nuttx-export/libs/libnuttx.a(c-lib_nulloutstream.o)
                0x080094ec                lib_nulloutstream
 .text          0x080094fc        0x0 /home/mosam/Desktop/dummy_repos/renewed_attempt/Firmware/build_px4fmu-v2_cmu/px4io-v2/NuttX/nuttx-export/libs/libnuttx.a(c-lib_rawoutstream.o)
 .text.rawoutstream_putc
                0x080094fc       0x2e /home/mosam/Desktop/dummy_repos/renewed_attempt/Firmware/build_px4fmu-v2_cmu/px4io-v2/NuttX/nuttx-export/libs/libnuttx.a(c-lib_rawoutstream.o)
 *fill*         0x0800952a        0x2 
 .text.lib_rawoutstream
                0x0800952c       0x10 /home/mosam/Desktop/dummy_repos/renewed_attempt/Firmware/build_px4fmu-v2_cmu/px4io-v2/NuttX/nuttx-export/libs/libnuttx.a(c-lib_rawoutstream.o)
                0x0800952c                lib_rawoutstream
 .text          0x0800953c        0x0 /home/mosam/Desktop/dummy_repos/renewed_attempt/Firmware/build_px4fmu-v2_cmu/px4io-v2/NuttX/nuttx-export/libs/libnuttx.a(c-lib_skipspace.o)
 .text.lib_skipspace
                0x0800953c       0x16 /home/mosam/Desktop/dummy_repos/renewed_attempt/Firmware/build_px4fmu-v2_cmu/px4io-v2/NuttX/nuttx-export/libs/libnuttx.a(c-lib_skipspace.o)
                0x0800953c                lib_skipspace
 .text          0x08009552        0x0 /home/mosam/Desktop/dummy_repos/renewed_attempt/Firmware/build_px4fmu-v2_cmu/px4io-v2/NuttX/nuttx-export/libs/libnuttx.a(c-lib_strcpy.o)
 .text.strcpy   0x08009552        0xe /home/mosam/Desktop/dummy_repos/renewed_attempt/Firmware/build_px4fmu-v2_cmu/px4io-v2/NuttX/nuttx-export/libs/libnuttx.a(c-lib_strcpy.o)
                0x08009552                strcpy
 .text          0x08009560        0x0 /home/mosam/Desktop/dummy_repos/renewed_attempt/Firmware/build_px4fmu-v2_cmu/px4io-v2/NuttX/nuttx-export/libs/libnuttx.a(c-lib_strlen.o)
 .text.strlen   0x08009560       0x10 /home/mosam/Desktop/dummy_repos/renewed_attempt/Firmware/build_px4fmu-v2_cmu/px4io-v2/NuttX/nuttx-export/libs/libnuttx.a(c-lib_strlen.o)
                0x08009560                strlen
 .text          0x08009570        0x0 /home/mosam/Desktop/dummy_repos/renewed_attempt/Firmware/build_px4fmu-v2_cmu/px4io-v2/NuttX/nuttx-export/libs/libnuttx.a(c-sem_init.o)
 .text.sem_init
                0x08009570       0x1e /home/mosam/Desktop/dummy_repos/renewed_attempt/Firmware/build_px4fmu-v2_cmu/px4io-v2/NuttX/nuttx-export/libs/libnuttx.a(c-sem_init.o)
                0x08009570                sem_init
 .text          0x0800958e        0x0 /home/mosam/Desktop/dummy_repos/renewed_attempt/Firmware/build_px4fmu-v2_cmu/px4io-v2/NuttX/nuttx-export/libs/libnuttx.a(c-sq_remafter.o)
 .text.sq_remafter
                0x0800958e       0x22 /home/mosam/Desktop/dummy_repos/renewed_attempt/Firmware/build_px4fmu-v2_cmu/px4io-v2/NuttX/nuttx-export/libs/libnuttx.a(c-sq_remafter.o)
                0x0800958e                sq_remafter
 .text          0x080095b0        0x0 /home/mosam/Desktop/dummy_repos/renewed_attempt/Firmware/build_px4fmu-v2_cmu/px4io-v2/NuttX/nuttx-export/libs/libnuttx.a(c-sq_remfirst.o)
 .text.sq_remfirst
                0x080095b0       0x14 /home/mosam/Desktop/dummy_repos/renewed_attempt/Firmware/build_px4fmu-v2_cmu/px4io-v2/NuttX/nuttx-export/libs/libnuttx.a(c-sq_remfirst.o)
                0x080095b0                sq_remfirst
 .text          0x080095c4        0x0 /home/mosam/Desktop/dummy_repos/renewed_attempt/Firmware/build_px4fmu-v2_cmu/px4io-v2/NuttX/nuttx-export/libs/libnuttx.a(mm-mm_addfreechunk.o)
 .text.mm_addfreechunk
                0x080095c4       0x36 /home/mosam/Desktop/dummy_repos/renewed_attempt/Firmware/build_px4fmu-v2_cmu/px4io-v2/NuttX/nuttx-export/libs/libnuttx.a(mm-mm_addfreechunk.o)
                0x080095c4                mm_addfreechunk
 .text          0x080095fa        0x0 /home/mosam/Desktop/dummy_repos/renewed_attempt/Firmware/build_px4fmu-v2_cmu/px4io-v2/NuttX/nuttx-export/libs/libnuttx.a(mm-mm_initialize.o)
 .text.mm_addregion
                0x080095fa       0x50 /home/mosam/Desktop/dummy_repos/renewed_attempt/Firmware/build_px4fmu-v2_cmu/px4io-v2/NuttX/nuttx-export/libs/libnuttx.a(mm-mm_initialize.o)
                0x080095fa                mm_addregion
 .text.mm_initialize
                0x0800964a       0x40 /home/mosam/Desktop/dummy_repos/renewed_attempt/Firmware/build_px4fmu-v2_cmu/px4io-v2/NuttX/nuttx-export/libs/libnuttx.a(mm-mm_initialize.o)
                0x0800964a                mm_initialize
 .text          0x0800968a        0x0 /home/mosam/Desktop/dummy_repos/renewed_attempt/Firmware/build_px4fmu-v2_cmu/px4io-v2/NuttX/nuttx-export/libs/libnuttx.a(arch-stm32_allocateheap.o)
 *fill*         0x0800968a        0x2 
 .text.up_allocate_heap
                0x0800968c       0x14 /home/mosam/Desktop/dummy_repos/renewed_attempt/Firmware/build_px4fmu-v2_cmu/px4io-v2/NuttX/nuttx-export/libs/libnuttx.a(arch-stm32_allocateheap.o)
                0x0800968c                up_allocate_heap
 .text          0x080096a0        0x0 /home/mosam/Desktop/dummy_repos/renewed_attempt/Firmware/build_px4fmu-v2_cmu/px4io-v2/NuttX/nuttx-export/libs/libnuttx.a(arch-stm32_idle.o)
 .text.up_idle  0x080096a0        0x4 /home/mosam/Desktop/dummy_repos/renewed_attempt/Firmware/build_px4fmu-v2_cmu/px4io-v2/NuttX/nuttx-export/libs/libnuttx.a(arch-stm32_idle.o)
                0x080096a0                up_idle
 .text          0x080096a4        0x0 /home/mosam/Desktop/dummy_repos/renewed_attempt/Firmware/build_px4fmu-v2_cmu/px4io-v2/NuttX/nuttx-export/libs/libnuttx.a(arch-stm32_lowputc.o)
 .text.up_lowputc
                0x080096a4       0x18 /home/mosam/Desktop/dummy_repos/renewed_attempt/Firmware/build_px4fmu-v2_cmu/px4io-v2/NuttX/nuttx-export/libs/libnuttx.a(arch-stm32_lowputc.o)
                0x080096a4                up_lowputc
 .text.stm32_lowsetup
                0x080096bc       0x6c /home/mosam/Desktop/dummy_repos/renewed_attempt/Firmware/build_px4fmu-v2_cmu/px4io-v2/NuttX/nuttx-export/libs/libnuttx.a(arch-stm32_lowputc.o)
                0x080096bc                stm32_lowsetup
 .text          0x08009728        0x0 /home/mosam/Desktop/dummy_repos/renewed_attempt/Firmware/build_px4fmu-v2_cmu/px4io-v2/NuttX/nuttx-export/libs/libnuttx.a(arch-stm32_rcc.o)
 .text.stm32_clockconfig
                0x08009728       0xe8 /home/mosam/Desktop/dummy_repos/renewed_attempt/Firmware/build_px4fmu-v2_cmu/px4io-v2/NuttX/nuttx-export/libs/libnuttx.a(arch-stm32_rcc.o)
                0x08009728                stm32_clockconfig
 .text          0x08009810        0x0 /home/mosam/Desktop/dummy_repos/renewed_attempt/Firmware/build_px4fmu-v2_cmu/px4io-v2/NuttX/nuttx-export/libs/libnuttx.a(arch-stm32_vectors.o)
 .text          0x08009810        0x0 /home/mosam/Desktop/dummy_repos/renewed_attempt/Firmware/build_px4fmu-v2_cmu/px4io-v2/NuttX/nuttx-export/libs/libnuttx.a(arch-up_blocktask.o)
 .text.up_block_task
                0x08009810       0x74 /home/mosam/Desktop/dummy_repos/renewed_attempt/Firmware/build_px4fmu-v2_cmu/px4io-v2/NuttX/nuttx-export/libs/libnuttx.a(arch-up_blocktask.o)
                0x08009810                up_block_task
 .text          0x08009884        0x0 /home/mosam/Desktop/dummy_repos/renewed_attempt/Firmware/build_px4fmu-v2_cmu/px4io-v2/NuttX/nuttx-export/libs/libnuttx.a(arch-up_copystate.o)
 .text.up_copystate
                0x08009884       0x12 /home/mosam/Desktop/dummy_repos/renewed_attempt/Firmware/build_px4fmu-v2_cmu/px4io-v2/NuttX/nuttx-export/libs/libnuttx.a(arch-up_copystate.o)
                0x08009884                up_copystate
 .text          0x08009896       0x5e /home/mosam/Desktop/dummy_repos/renewed_attempt/Firmware/build_px4fmu-v2_cmu/px4io-v2/NuttX/nuttx-export/libs/libnuttx.a(arch-up_exception.o)
                0x08009896                exception_common
 .text          0x080098f4        0x0 /home/mosam/Desktop/dummy_repos/renewed_attempt/Firmware/build_px4fmu-v2_cmu/px4io-v2/NuttX/nuttx-export/libs/libnuttx.a(arch-up_exit.o)
 .text._exit    0x080098f4       0x1c /home/mosam/Desktop/dummy_repos/renewed_attempt/Firmware/build_px4fmu-v2_cmu/px4io-v2/NuttX/nuttx-export/libs/libnuttx.a(arch-up_exit.o)
                0x080098f4                _exit
 .text          0x08009910        0xa /home/mosam/Desktop/dummy_repos/renewed_attempt/Firmware/build_px4fmu-v2_cmu/px4io-v2/NuttX/nuttx-export/libs/libnuttx.a(arch-up_fullcontextrestore.o)
                0x08009910                up_fullcontextrestore
 .text          0x0800991a        0x0 /home/mosam/Desktop/dummy_repos/renewed_attempt/Firmware/build_px4fmu-v2_cmu/px4io-v2/NuttX/nuttx-export/libs/libnuttx.a(arch-up_initialize.o)
 *fill*         0x0800991a        0x2 